Component: ARM Compiler 5.06 update 6 (build 750) Tool: armlink [4d35ed]

==============================================================================

Section Cross References

    code_def.o(i.KEY6Handle) refers to code_def.o(i.UART1String) for UART1String
    code_def.o(i.Key_Scan) refers to code_def.o(i.delay_ms) for delay_ms
    code_def.o(i.LCD_INI_FINISH) refers to code_def.o(.data) for .data
    code_def.o(i.MPU_Write_Byte) refers to mpuiic.o(i.MPU_IIC_Start) for MPU_IIC_Start
    code_def.o(i.MPU_Write_Byte) refers to mpuiic.o(i.MPU_IIC_Send_Byte) for MPU_IIC_Send_Byte
    code_def.o(i.MPU_Write_Byte) refers to mpuiic.o(i.MPU_IIC_Wait_Ack) for MPU_IIC_Wait_Ack
    code_def.o(i.MPU_Write_Byte) refers to mpuiic.o(i.MPU_IIC_Stop) for MPU_IIC_Stop
    code_def.o(i.MSi001_Init) refers to code_def.o(i.MSi_SPI_Write) for MSi_SPI_Write
    code_def.o(i.MSi001_Init) refers to sflash.o(i.SFLASH_ReadNByte) for SFLASH_ReadNByte
    code_def.o(i.MSi001_Init) refers to code_def.o(i.fre_select) for fre_select
    code_def.o(i.MSi001_Init) refers to code_def.o(i.UART1String) for UART1String
    code_def.o(i.MSi001_Init) refers to code_def.o(.data) for .data
    code_def.o(i.MSi_SPI_Write) refers to code_def.o(i.delay_us) for delay_us
    code_def.o(i.PCF8591_Init) refers to code_def.o(i.MPU_Write_Byte) for MPU_Write_Byte
    code_def.o(i.QN8027_Init) refers to code_def.o(i.MPU_Write_Byte) for MPU_Write_Byte
    code_def.o(i.SPIHandle) refers to ld3320.o(i.ProcessInt) for ProcessInt
    code_def.o(i.SPI_ReadByte) refers to code_def.o(i.delay_us) for delay_us
    code_def.o(i.SPI_WriteByte) refers to code_def.o(i.delay_us) for delay_us
    code_def.o(i.SendCmd) refers to code_def.o(i.UART_DATA) for UART_DATA
    code_def.o(i.SendCmd) refers to code_def.o(.bss) for .bss
    code_def.o(i.Serial1_Receive_Data) refers to code_def.o(.data) for .data
    code_def.o(i.Serial2_Receive_Data) refers to code_def.o(.data) for .data
    code_def.o(i.Serial2_Receive_Data) refers to code_def.o(.bss) for .bss
    code_def.o(i.TIMEHandle) refers to printf1.o(i.__0printf$1) for __2printf
    code_def.o(i.TIMEHandle) refers to code_def.o(i.delay_ms) for delay_ms
    code_def.o(i.TIMEHandle) refers to code_def.o(.data) for .data
    code_def.o(i.UART1Handle) refers to code_def.o(i.ReadUART1) for ReadUART1
    code_def.o(i.UART1Handle) refers to code_def.o(i.Serial1_Receive_Data) for Serial1_Receive_Data
    code_def.o(i.UART1Handle) refers to code_def.o(.data) for .data
    code_def.o(i.UART1String) refers to code_def.o(i.WriteUART1) for WriteUART1
    code_def.o(i.UART1String) refers to strlen.o(.text) for strlen
    code_def.o(i.UART2String) refers to code_def.o(i.WriteUART2) for WriteUART2
    code_def.o(i.UART2String) refers to strlen.o(.text) for strlen
    code_def.o(i.UART_DATA) refers to code_def.o(i.ReadUART1State) for ReadUART1State
    code_def.o(i.Uart_SendCmd) refers to code_def.o(i.DoSum) for DoSum
    code_def.o(i.Uart_SendCmd) refers to code_def.o(i.SendCmd) for SendCmd
    code_def.o(i.Uart_SendCmd) refers to code_def.o(.bss) for .bss
    code_def.o(i.WriteUART1) refers to code_def.o(i.ReadUART1State) for ReadUART1State
    code_def.o(i.WriteUART2) refers to code_def.o(i.ReadUART2State) for ReadUART2State
    code_def.o(i.fre_select) refers to dflti.o(.text) for __aeabi_i2d
    code_def.o(i.fre_select) refers to ddiv.o(.text) for __aeabi_ddiv
    code_def.o(i.fre_select) refers to d2f.o(.text) for __aeabi_d2f
    code_def.o(i.fre_select) refers to fscalb.o(.text) for __ARM_scalbnf
    code_def.o(i.fre_select) refers to fdiv.o(.text) for __aeabi_fdiv
    code_def.o(i.fre_select) refers to ffixi.o(.text) for __aeabi_f2iz
    code_def.o(i.fre_select) refers to f2d.o(.text) for __aeabi_f2d
    code_def.o(i.fre_select) refers to dadd.o(.text) for __aeabi_dsub
    code_def.o(i.fre_select) refers to fmul.o(.text) for __aeabi_fmul
    code_def.o(i.fre_select) refers to code_def.o(i.MSi_SPI_Write) for MSi_SPI_Write
    code_def.o(i.fre_select) refers to idiv.o(.text) for __aeabi_idivmod
    code_def.o(i.fre_select) refers to code_def.o(.data) for .data
    code_def.o(i.fre_select) refers to main.o(.data) for Fre
    code_def.o(i.gain_select) refers to code_def.o(i.MSi_SPI_Write) for MSi_SPI_Write
    code_def.o(i.gain_select) refers to main.o(.data) for Gain_Reduction
    main.o(i.begin_show) refers to lcd.o(i.LCD_ShowString) for LCD_ShowString
    main.o(i.begin_show) refers to lcd.o(i.LCD_DrawPicture) for LCD_DrawPicture
    main.o(i.begin_show) refers to idiv.o(.text) for __aeabi_idivmod
    main.o(i.begin_show) refers to lcd.o(i.LCD_Fill) for LCD_Fill
    main.o(i.begin_show) refers to ld3320.o(i.Ld3320_Fun) for Ld3320_Fun
    main.o(i.begin_show) refers to code_def.o(i.Uart_SendCmd) for Uart_SendCmd
    main.o(i.begin_show) refers to main.o(i.esp8266_delay) for esp8266_delay
    main.o(i.begin_show) refers to main.o(.data) for .data
    main.o(i.begin_show) refers to code_def.o(.data) for gImage_hero_small
[...]
    sflash.o(i.SFLASH_WAKEUP) refers to code_def.o(i.SPI_WriteByte) for SPI_WriteByte
    sflash.o(i.SFLASH_WaitForNoBusy) refers to sflash.o(i.SFLASH_ReadSR) for SFLASH_ReadSR
    sflash.o(i.SFLASH_WriteEnable) refers to code_def.o(i.SPI_WriteByte) for SPI_WriteByte
    sflash.o(i.SFLASH_WriteNByte) refers to sflash.o(i.SFLASH_ReadNByte) for SFLASH_ReadNByte
    sflash.o(i.SFLASH_WriteNByte) refers to sflash.o(i.SFLASH_EraseSector) for SFLASH_EraseSector
    sflash.o(i.SFLASH_WriteNByte) refers to sflash.o(i.SFLASH_WriteNoCheck) for SFLASH_WriteNoCheck
    sflash.o(i.SFLASH_WriteNByte) refers to code_def.o(i.SPI_WriteByte) for SPI_WriteByte
    sflash.o(i.SFLASH_WriteNByte) refers to sflash.o(.bss) for .bss
    sflash.o(i.SFLASH_WriteNoCheck) refers to sflash.o(i.SFLASH_WritePage) for SFLASH_WritePage
    sflash.o(i.SFLASH_WritePage) refers to sflash.o(i.SFLASH_WriteEnable) for SFLASH_WriteEnable
    sflash.o(i.SFLASH_WritePage) refers to code_def.o(i.SPI_WriteByte) for SPI_WriteByte
    sflash.o(i.SFLASH_WritePage) refers to sflash.o(i.SFLASH_WaitForNoBusy) for SFLASH_WaitForNoBusy
    sflash.o(i.SFLASH_WriteSR) refers to sflash.o(i.SFLASH_WriteEnable) for SFLASH_WriteEnable
    sflash.o(i.SFLASH_WriteSR) refers to code_def.o(i.SPI_WriteByte) for SPI_WriteByte
    game.o(i.check_collision) refers to lcd.o(i.LCD_DrawPicture) for LCD_DrawPicture
    game.o(i.check_collision) refers to lcd.o(i.LCD_Fill) for LCD_Fill
    game.o(i.check_collision) refers to game.o(.data) for .data
    game.o(i.check_collision) refers to code_def.o(.constdata) for gImage_bomb
    game.o(i.check_hit) refers to game.o(.data) for .data
    game.o(i.draw_enemy) refers to lcd.o(i.LCD_DrawPicture) for LCD_DrawPicture
    game.o(i.draw_enemy) refers to game.o(.data) for .data
    game.o(i.draw_enemy) refers to code_def.o(.data) for gImage_enemy_small4
    game.o(i.draw_enemy) refers to code_def.o(.data) for gImage_enemy_small1
    game.o(i.draw_enemy) refers to code_def.o(.data) for gImage_enemy_small2
    game.o(i.draw_enemy) refers to code_def.o(.data) for gImage_enemy_small3
    game.o(i.game_init) refers to game.o(i.init_enemies) for init_enemies
    game.o(i.game_init) refers to game.o(i.init_bullets) for init_bullets
    game.o(i.game_init) refers to game.o(.data) for .data
    game.o(i.game_init) refers to game.o(.bss) for .bss
    game.o(i.generate_random_position) refers to rand.o(.text) for rand
    game.o(i.generate_random_position) refers to idiv.o(.text) for __aeabi_idivmod
    game.o(i.generate_random_position) refers to game.o(.data) for .data
    game.o(i.generate_random_position) refers to game.o(.bss) for .bss
    game.o(i.init_bullets) refers to game.o(.bss) for .bss
    game.o(i.init_enemies) refers to game.o(i.generate_random_position) for generate_random_position
    game.o(i.init_enemies) refers to game.o(i.draw_enemy) for draw_enemy
    game.o(i.init_enemies) refers to game.o(.bss) for .bss
    game.o(i.lfsr_rand) refers to game.o(.data) for .data
    game.o(i.move_enemies) refers to game.o(i.draw_enemy) for draw_enemy
    game.o(i.move_enemies) refers to rand.o(.text) for rand
    game.o(i.move_enemies) refers to idiv.o(.text) for __aeabi_idivmod
    game.o(i.move_enemies) refers to lcd.o(i.LCD_DrawPoint) for LCD_DrawPoint
    game.o(i.move_enemies) refers to game.o(i.generate_random_position) for generate_random_position
    game.o(i.move_enemies) refers to game.o(.bss) for .bss
    game.o(i.move_enemies) refers to game.o(.data) for .data
    game.o(i.update_bullet_position) refers to lcd.o(i.LCD_Fill) for LCD_Fill
    game.o(i.update_bullet_position) refers to lcd.o(i.LCD_DrawPicture) for LCD_DrawPicture
    game.o(i.update_bullet_position) refers to game.o(.bss) for .bss
    game.o(i.update_bullet_position) refers to game.o(.data) for .data
    game.o(i.update_bullet_position) refers to code_def.o(.data) for gImage_bullet1
    entry.o(.ARM.Collect$$$$00000000) refers (Special) to entry10a.o(.ARM.Collect$$$$0000000D) for __rt_final_cpp
    entry.o(.ARM.Collect$$$$00000000) refers (Special) to entry11a.o(.ARM.Collect$$$$0000000F) for __rt_final_exit
    entry.o(.ARM.Collect$$$$00000000) refers (Special) to entry7b.o(.ARM.Collect$$$$00000008) for _main_clock
    entry.o(.ARM.Collect$$$$00000000) refers (Special) to entry8b.o(.ARM.Collect$$$$0000000A) for _main_cpp_init
    entry.o(.ARM.Collect$$$$00000000) refers (Special) to entry9a.o(.ARM.Collect$$$$0000000B) for _main_init
    entry.o(.ARM.Collect$$$$00000000) refers (Special) to entry5.o(.ARM.Collect$$$$00000004) for _main_scatterload
    entry.o(.ARM.Collect$$$$00000000) refers (Special) to entry2.o(.ARM.Collect$$$$00000001) for _main_stk
    idiv.o(.text) refers to uidiv.o(.text) for __aeabi_uidivmod
    rand.o(.text) refers to rand.o(.data) for .data
    printfb.o(i.__0fprintf$bare) refers to printfb.o(i._printf_core) for _printf_core
    printfb.o(i.__0fprintf$bare) refers to retarget.o(i.fputc) for fputc
    printfb.o(i.__0printf$bare) refers to printfb.o(i._printf_core) for _printf_core
    printfb.o(i.__0printf$bare) refers to retarget.o(i.fputc) for fputc
    printfb.o(i.__0printf$bare) refers to retarget.o(.data) for __stdout
    printfb.o(i.__0snprintf$bare) refers to printfb.o(i._printf_core) for _printf_core
    printfb.o(i.__0snprintf$bare) refers to printfb.o(i._snputc) for _snputc
    printfb.o(i.__0sprintf$bare) refers to printfb.o(i._printf_core) for _printf_core
    printfb.o(i.__0sprintf$bare) refers to printfb.o(i._sputc) for _sputc
    printfb.o(i.__0vfprintf$bare) refers to printfb.o(i._printf_core) for _printf_core
    printfb.o(i.__0vfprintf$bare) refers to retarget.o(i.fputc) for fputc
    printfb.o(i.__0vprintf$bare) refers to printfb.o(i._printf_core) for _printf_core
    printfb.o(i.__0vprintf$bare) refers to retarget.o(i.fputc) for fputc
    printfb.o(i.__0vprintf$bare) refers to retarget.o(.data) for __stdout
    printfb.o(i.__0vsnprintf$bare) refers to printfb.o(i._printf_core) for _printf_core
    printfb.o(i.__0vsnprintf$bare) refers to printfb.o(i._snputc) for _snputc
    printfb.o(i.__0vsprintf$bare) refers to printfb.o(i._printf_core) for _printf_core
    printfb.o(i.__0vsprintf$bare) refers to printfb.o(i._sputc) for _sputc
    printf0.o(i.__0fprintf$0) refers to printf0.o(i._printf_core) for _printf_core
    printf0.o(i.__0fprintf$0) refers to retarget.o(i.fputc) for fputc
    printf0.o(i.__0printf$0) refers to printf0.o(i._printf_core) for _printf_core
    printf0.o(i.__0printf$0) refers to retarget.o(i.fputc) for fputc
    printf0.o(i.__0printf$0) refers to retarget.o(.data) for __stdout
    printf0.o(i.__0snprintf$0) refers to printf0.o(i._printf_core) for _printf_core
    printf0.o(i.__0snprintf$0) refers to printf0.o(i._snputc) for _snputc
    printf0.o(i.__0sprintf$0) refers to printf0.o(i._printf_core) for _printf_core
    printf0.o(i.__0sprintf$0) refers to printf0.o(i._sputc) for _sputc
    printf0.o(i.__0vfprintf$0) refers to printf0.o(i._printf_core) for _printf_core
    printf0.o(i.__0vfprintf$0) refers to retarget.o(i.fputc) for fputc
    printf0.o(i.__0vprintf$0) refers to printf0.o(i._printf_core) for _printf_core
    printf0.o(i.__0vprintf$0) refers to retarget.o(i.fputc) for fputc
    printf0.o(i.__0vprintf$0) refers to retarget.o(.data) for __stdout
    printf0.o(i.__0vsnprintf$0) refers to printf0.o(i._printf_core) for _printf_core
    printf0.o(i.__0vsnprintf$0) refers to printf0.o(i._snputc) for _snputc
    printf0.o(i.__0vsprintf$0) refers to printf0.o(i._printf_core) for _printf_core
    printf0.o(i.__0vsprintf$0) refers to printf0.o(i._sputc) for _sputc
    printf1.o(i.__0fprintf$1) refers to printf1.o(i._printf_core) for _printf_core
    printf1.o(i.__0fprintf$1) refers to retarget.o(i.fputc) for fputc
    printf1.o(i.__0printf$1) refers to printf1.o(i._printf_core) for _printf_core
    printf1.o(i.__0printf$1) refers to retarget.o(i.fputc) for fputc
    printf1.o(i.__0printf$1) refers to retarget.o(.data) for __stdout
    printf1.o(i.__0snprintf$1) refers to printf1.o(i._printf_core) for _printf_core
    printf1.o(i.__0snprintf$1) refers to printf1.o(i._snputc) for _snputc
    printf1.o(i.__0sprintf$1) refers to printf1.o(i._printf_core) for _printf_core
    printf1.o(i.__0sprintf$1) refers to printf1.o(i._sputc) for _sputc
    printf1.o(i.__0vfprintf$1) refers to printf1.o(i._printf_core) for _printf_core
    printf1.o(i.__0vfprintf$1) refers to retarget.o(i.fputc) for fputc
    printf1.o(i.__0vprintf$1) refers to printf1.o(i._printf_core) for _printf_core
    printf1.o(i.__0vprintf$1) refers to retarget.o(i.fputc) for fputc
    printf1.o(i.__0vprintf$1) refers to retarget.o(.data) for __stdout
    printf1.o(i.__0vsnprintf$1) refers to printf1.o(i._printf_core) for _printf_core
    printf1.o(i.__0vsnprintf$1) refers to printf1.o(i._snputc) for _snputc
    printf1.o(i.__0vsprintf$1) refers to printf1.o(i._printf_core) for _printf_core
    printf1.o(i.__0vsprintf$1) refers to printf1.o(i._sputc) for _sputc
    printf1.o(i._printf_core) refers to uidiv.o(.text) for __aeabi_uidivmod
    printf2.o(i.__0fprintf$2) refers to printf2.o(i._printf_core) for _printf_core
    printf2.o(i.__0fprintf$2) refers to retarget.o(i.fputc) for fputc
    printf2.o(i.__0printf$2) refers to printf2.o(i._printf_core) for _printf_core
    printf2.o(i.__0printf$2) refers to retarget.o(i.fputc) for fputc
    printf2.o(i.__0printf$2) refers to retarget.o(.data) for __stdout
    printf2.o(i.__0snprintf$2) refers to printf2.o(i._printf_core) for _printf_core
    printf2.o(i.__0snprintf$2) refers to printf2.o(i._snputc) for _snputc
    printf2.o(i.__0sprintf$2) refers to printf2.o(i._printf_core) for _printf_core
    printf2.o(i.__0sprintf$2) refers to printf2.o(i._sputc) for _sputc
    printf2.o(i.__0vfprintf$2) refers to printf2.o(i._printf_core) for _printf_core
    printf2.o(i.__0vfprintf$2) refers to retarget.o(i.fputc) for fputc
    printf2.o(i.__0vprintf$2) refers to printf2.o(i._printf_core) for _printf_core
    printf2.o(i.__0vprintf$2) refers to retarget.o(i.fputc) for fputc
    printf2.o(i.__0vprintf$2) refers to retarget.o(.data) for __stdout
    printf2.o(i.__0vsnprintf$2) refers to printf2.o(i._printf_core) for _printf_core
    printf2.o(i.__0vsnprintf$2) refers to printf2.o(i._snputc) for _snputc
    printf2.o(i.__0vsprintf$2) refers to printf2.o(i._printf_core) for _printf_core
    printf2.o(i.__0vsprintf$2) refers to printf2.o(i._sputc) for _sputc
    printf3.o(i.__0fprintf$3) refers to printf3.o(i._printf_core) for _printf_core
    printf3.o(i.__0fprintf$3) refers to retarget.o(i.fputc) for fputc
    printf3.o(i.__0printf$3) refers to printf3.o(i._printf_core) for _printf_core
    printf3.o(i.__0printf$3) refers to retarget.o(i.fputc) for fputc
    printf3.o(i.__0printf$3) refers to retarget.o(.data) for __stdout
    printf3.o(i.__0snprintf$3) refers to printf3.o(i._printf_core) for _printf_core
    printf3.o(i.__0snprintf$3) refers to printf3.o(i._snputc) for _snputc
    printf3.o(i.__0sprintf$3) refers to printf3.o(i._printf_core) for _printf_core
    printf3.o(i.__0sprintf$3) refers to printf3.o(i._sputc) for _sputc
    printf3.o(i.__0vfprintf$3) refers to printf3.o(i._printf_core) for _printf_core
    printf3.o(i.__0vfprintf$3) refers to retarget.o(i.fputc) for fputc
    printf3.o(i.__0vprintf$3) refers to printf3.o(i._printf_core) for _printf_core
    printf3.o(i.__0vprintf$3) refers to retarget.o(i.fputc) for fputc
    printf3.o(i.__0vprintf$3) refers to retarget.o(.data) for __stdout
    printf3.o(i.__0vsnprintf$3) refers to printf3.o(i._printf_core) for _printf_core
    printf3.o(i.__0vsnprintf$3) refers to printf3.o(i._snputc) for _snputc
    printf3.o(i.__0vsprintf$3) refers to printf3.o(i._printf_core) for _printf_core
    printf3.o(i.__0vsprintf$3) refers to printf3.o(i._sputc) for _sputc
    printf3.o(i._printf_core) refers to uidiv.o(.text) for __aeabi_uidivmod
    printf4.o(i.__0fprintf$4) refers to printf4.o(i._printf_core) for _printf_core
    printf4.o(i.__0fprintf$4) refers to retarget.o(i.fputc) for fputc
    printf4.o(i.__0printf$4) refers to printf4.o(i._printf_core) for _printf_core
    printf4.o(i.__0printf$4) refers to retarget.o(i.fputc) for fputc
    printf4.o(i.__0printf$4) refers to retarget.o(.data) for __stdout
    printf4.o(i.__0snprintf$4) refers to printf4.o(i._printf_core) for _printf_core
    printf4.o(i.__0snprintf$4) refers to printf4.o(i._snputc) for _snputc
    printf4.o(i.__0sprintf$4) refers to printf4.o(i._printf_core) for _printf_core
    printf4.o(i.__0sprintf$4) refers to printf4.o(i._sputc) for _sputc
    printf4.o(i.__0vfprintf$4) refers to printf4.o(i._printf_core) for _printf_core
    printf4.o(i.__0vfprintf$4) refers to retarget.o(i.fputc) for fputc
    printf4.o(i.__0vprintf$4) refers to printf4.o(i._printf_core) for _printf_core
    printf4.o(i.__0vprintf$4) refers to retarget.o(i.fputc) for fputc
    printf4.o(i.__0vprintf$4) refers to retarget.o(.data) for __stdout
    printf4.o(i.__0vsnprintf$4) refers to printf4.o(i._printf_core) for _printf_core
    printf4.o(i.__0vsnprintf$4) refers to printf4.o(i._snputc) for _snputc
    printf4.o(i.__0vsprintf$4) refers to printf4.o(i._printf_core) for _printf_core
    printf4.o(i.__0vsprintf$4) refers to printf4.o(i._sputc) for _sputc
    printf4.o(i._printf_core) refers to uldiv.o(.text) for __aeabi_uldivmod
    printf5.o(i.__0fprintf$5) refers to printf5.o(i._printf_core) for _printf_core
    printf5.o(i.__0fprintf$5) refers to retarget.o(i.fputc) for fputc
    printf5.o(i.__0printf$5) refers to printf5.o(i._printf_core) for _printf_core
    printf5.o(i.__0printf$5) refers to retarget.o(i.fputc) for fputc
    printf5.o(i.__0printf$5) refers to retarget.o(.data) for __stdout
    printf5.o(i.__0snprintf$5) refers to printf5.o(i._printf_core) for _printf_core
    printf5.o(i.__0snprintf$5) refers to printf5.o(i._snputc) for _snputc
    printf5.o(i.__0sprintf$5) refers to printf5.o(i._printf_core) for _printf_core
    printf5.o(i.__0sprintf$5) refers to printf5.o(i._sputc) for _sputc
    printf5.o(i.__0vfprintf$5) refers to printf5.o(i._printf_core) for _printf_core
    printf5.o(i.__0vfprintf$5) refers to retarget.o(i.fputc) for fputc
    printf5.o(i.__0vprintf$5) refers to printf5.o(i._printf_core) for _printf_core
    printf5.o(i.__0vprintf$5) refers to retarget.o(i.fputc) for fputc
    printf5.o(i.__0vprintf$5) refers to retarget.o(.data) for __stdout
    printf5.o(i.__0vsnprintf$5) refers to printf5.o(i._printf_core) for _printf_core
    printf5.o(i.__0vsnprintf$5) refers to printf5.o(i._snputc) for _snputc
    printf5.o(i.__0vsprintf$5) refers to printf5.o(i._printf_core) for _printf_core
    printf5.o(i.__0vsprintf$5) refers to printf5.o(i._sputc) for _sputc
    printf5.o(i._printf_core) refers to uldiv.o(.text) for __aeabi_uldivmod
    printf6.o(i.__0fprintf$6) refers to printf6.o(i._printf_core) for _printf_core
    printf6.o(i.__0fprintf$6) refers to retarget.o(i.fputc) for fputc
    printf6.o(i.__0printf$6) refers to printf6.o(i._printf_core) for _printf_core
    printf6.o(i.__0printf$6) refers to retarget.o(i.fputc) for fputc
    printf6.o(i.__0printf$6) refers to retarget.o(.data) for __stdout
    printf6.o(i.__0snprintf$6) refers to printf6.o(i._printf_core) for _printf_core
    printf6.o(i.__0snprintf$6) refers to printf6.o(i._snputc) for _snputc
    printf6.o(i.__0sprintf$6) refers to printf6.o(i._printf_core) for _printf_core
    printf6.o(i.__0sprintf$6) refers to printf6.o(i._sputc) for _sputc
    printf6.o(i.__0vfprintf$6) refers to printf6.o(i._printf_core) for _printf_core
    printf6.o(i.__0vfprintf$6) refers to retarget.o(i.fputc) for fputc
    printf6.o(i.__0vprintf$6) refers to printf6.o(i._printf_core) for _printf_core
    printf6.o(i.__0vprintf$6) refers to retarget.o(i.fputc) for fputc
    printf6.o(i.__0vprintf$6) refers to retarget.o(.data) for __stdout
    printf6.o(i.__0vsnprintf$6) refers to printf6.o(i._printf_core) for _printf_core
    printf6.o(i.__0vsnprintf$6) refers to printf6.o(i._snputc) for _snputc
    printf6.o(i.__0vsprintf$6) refers to printf6.o(i._printf_core) for _printf_core
    printf6.o(i.__0vsprintf$6) refers to printf6.o(i._sputc) for _sputc
    printf6.o(i._printf_core) refers to printf6.o(i._printf_pre_padding) for _printf_pre_padding
    printf6.o(i._printf_core) refers to printf6.o(i._printf_post_padding) for _printf_post_padding
    printf6.o(i._printf_core) refers to uidiv.o(.text) for __aeabi_uidivmod
    printf7.o(i.__0fprintf$7) refers to printf7.o(i._printf_core) for _printf_core
    printf7.o(i.__0fprintf$7) refers to retarget.o(i.fputc) for fputc
    printf7.o(i.__0printf$7) refers to printf7.o(i._printf_core) for _printf_core
    printf7.o(i.__0printf$7) refers to retarget.o(i.fputc) for fputc
    printf7.o(i.__0printf$7) refers to retarget.o(.data) for __stdout
    printf7.o(i.__0snprintf$7) refers to printf7.o(i._printf_core) for _printf_core
    printf7.o(i.__0snprintf$7) refers to printf7.o(i._snputc) for _snputc
    printf7.o(i.__0sprintf$7) refers to printf7.o(i._printf_core) for _printf_core
    printf7.o(i.__0sprintf$7) refers to printf7.o(i._sputc) for _sputc
    printf7.o(i.__0vfprintf$7) refers to printf7.o(i._printf_core) for _printf_core
    printf7.o(i.__0vfprintf$7) refers to retarget.o(i.fputc) for fputc
    printf7.o(i.__0vprintf$7) refers to printf7.o(i._printf_core) for _printf_core
    printf7.o(i.__0vprintf$7) refers to retarget.o(i.fputc) for fputc
    printf7.o(i.__0vprintf$7) refers to retarget.o(.data) for __stdout
    printf7.o(i.__0vsnprintf$7) refers to printf7.o(i._printf_core) for _printf_core
    printf7.o(i.__0vsnprintf$7) refers to printf7.o(i._snputc) for _snputc
    printf7.o(i.__0vsprintf$7) refers to printf7.o(i._printf_core) for _printf_core
    printf7.o(i.__0vsprintf$7) refers to printf7.o(i._sputc) for _sputc
    printf7.o(i._printf_core) refers to printf7.o(i._printf_pre_padding) for _printf_pre_padding
    printf7.o(i._printf_core) refers to printf7.o(i._printf_post_padding) for _printf_post_padding
    printf7.o(i._printf_core) refers to uldiv.o(.text) for __aeabi_uldivmod
    printf8.o(i.__0fprintf$8) refers to printf8.o(i._printf_core) for _printf_core
    printf8.o(i.__0fprintf$8) refers to retarget.o(i.fputc) for fputc
    printf8.o(i.__0printf$8) refers to printf8.o(i._printf_core) for _printf_core
    printf8.o(i.__0printf$8) refers to retarget.o(i.fputc) for fputc
    printf8.o(i.__0printf$8) refers to retarget.o(.data) for __stdout
    printf8.o(i.__0snprintf$8) refers to printf8.o(i._printf_core) for _printf_core
    printf8.o(i.__0snprintf$8) refers to printf8.o(i._snputc) for _snputc
    printf8.o(i.__0sprintf$8) refers to printf8.o(i._printf_core) for _printf_core
    printf8.o(i.__0sprintf$8) refers to printf8.o(i._sputc) for _sputc
    printf8.o(i.__0vfprintf$8) refers to printf8.o(i._printf_core) for _printf_core
    printf8.o(i.__0vfprintf$8) refers to retarget.o(i.fputc) for fputc
    printf8.o(i.__0vprintf$8) refers to printf8.o(i._printf_core) for _printf_core
    printf8.o(i.__0vprintf$8) refers to retarget.o(i.fputc) for fputc
    printf8.o(i.__0vprintf$8) refers to retarget.o(.data) for __stdout
    printf8.o(i.__0vsnprintf$8) refers to printf8.o(i._printf_core) for _printf_core
    printf8.o(i.__0vsnprintf$8) refers to printf8.o(i._snputc) for _snputc
    printf8.o(i.__0vsprintf$8) refers to printf8.o(i._printf_core) for _printf_core
    printf8.o(i.__0vsprintf$8) refers to printf8.o(i._sputc) for _sputc
    printf8.o(i._printf_core) refers to printf8.o(i._printf_pre_padding) for _printf_pre_padding
    printf8.o(i._printf_core) refers to printf8.o(i._printf_post_padding) for _printf_post_padding
    printf8.o(i._printf_core) refers to uldiv.o(.text) for __aeabi_uldivmod
    printfa.o(i.__0fprintf) refers (Special) to iusefp.o(.text) for __I$use$fp
    printfa.o(i.__0fprintf) refers to printfa.o(i._printf_core) for _printf_core
    printfa.o(i.__0fprintf) refers to retarget.o(i.fputc) for fputc
    printfa.o(i.__0printf) refers (Special) to iusefp.o(.text) for __I$use$fp
    printfa.o(i.__0printf) refers to printfa.o(i._printf_core) for _printf_core
    printfa.o(i.__0printf) refers to retarget.o(i.fputc) for fputc
    printfa.o(i.__0printf) refers to retarget.o(.data) for __stdout
    printfa.o(i.__0snprintf) refers (Special) to iusefp.o(.text) for __I$use$fp
    printfa.o(i.__0snprintf) refers to printfa.o(i._printf_core) for _printf_core
    printfa.o(i.__0snprintf) refers to printfa.o(i._snputc) for _snputc
    printfa.o(i.__0sprintf) refers (Special) to iusefp.o(.text) for __I$use$fp
    printfa.o(i.__0sprintf) refers to printfa.o(i._printf_core) for _printf_core
    printfa.o(i.__0sprintf) refers to printfa.o(i._sputc) for _sputc
    printfa.o(i.__0vfprintf) refers (Special) to iusefp.o(.text) for __I$use$fp
    printfa.o(i.__0vfprintf) refers to printfa.o(i._printf_core) for _printf_core
    printfa.o(i.__0vfprintf) refers to retarget.o(i.fputc) for fputc
    printfa.o(i.__0vprintf) refers (Special) to iusefp.o(.text) for __I$use$fp
    printfa.o(i.__0vprintf) refers to printfa.o(i._printf_core) for _printf_core
    printfa.o(i.__0vprintf) refers to retarget.o(i.fputc) for fputc
    printfa.o(i.__0vprintf) refers to retarget.o(.data) for __stdout
    printfa.o(i.__0vsnprintf) refers (Special) to iusefp.o(.text) for __I$use$fp
    printfa.o(i.__0vsnprintf) refers to printfa.o(i._printf_core) for _printf_core
    printfa.o(i.__0vsnprintf) refers to printfa.o(i._snputc) for _snputc
    printfa.o(i.__0vsprintf) refers (Special) to iusefp.o(.text) for __I$use$fp
    printfa.o(i.__0vsprintf) refers to printfa.o(i._printf_core) for _printf_core
    printfa.o(i.__0vsprintf) refers to printfa.o(i._sputc) for _sputc
    printfa.o(i._fp_digits) refers (Special) to iusefp.o(.text) for __I$use$fp
    printfa.o(i._fp_digits) refers to dmul.o(.text) for __aeabi_dmul
    printfa.o(i._fp_digits) refers to ddiv.o(.text) for __aeabi_ddiv
    printfa.o(i._fp_digits) refers to cdrcmple.o(.text) for __aeabi_cdrcmple
    printfa.o(i._fp_digits) refers to dadd.o(.text) for __aeabi_dadd
    printfa.o(i._fp_digits) refers to dfixul.o(.text) for __aeabi_d2ulz
    printfa.o(i._fp_digits) refers to uldiv.o(.text) for __aeabi_uldivmod
    printfa.o(i._printf_core) refers (Special) to iusefp.o(.text) for __I$use$fp
    printfa.o(i._printf_core) refers to printfa.o(i._printf_pre_padding) for _printf_pre_padding
    printfa.o(i._printf_core) refers to uldiv.o(.text) for __aeabi_uldivmod
    printfa.o(i._printf_core) refers to printfa.o(i._printf_post_padding) for _printf_post_padding
    printfa.o(i._printf_core) refers to printfa.o(i._fp_digits) for _fp_digits
    printfa.o(i._printf_core) refers to uidiv.o(.text) for __aeabi_uidivmod
    printfa.o(i._printf_post_padding) refers (Special) to iusefp.o(.text) for __I$use$fp
    printfa.o(i._printf_pre_padding) refers (Special) to iusefp.o(.text) for __I$use$fp
    printfa.o(i._snputc) refers (Special) to iusefp.o(.text) for __I$use$fp
    printfa.o(i._sputc) refers (Special) to iusefp.o(.text) for __I$use$fp
    fmul.o(.text) refers (Special) to iusefp.o(.text) for __I$use$fp
    fdiv.o(.text) refers (Special) to iusefp.o(.text) for __I$use$fp
    fdiv.o(.text) refers to fepilogue.o(.text) for _float_round
    fscalb.o(.text) refers (Special) to iusefp.o(.text) for __I$use$fp
    dadd.o(.text) refers (Special) to iusefp.o(.text) for __I$use$fp
    dadd.o(.text) refers to llshl.o(.text) for __aeabi_llsl
    dadd.o(.text) refers to llsshr.o(.text) for __aeabi_lasr
    dadd.o(.text) refers to depilogue.o(.text) for _double_epilogue
    ddiv.o(.text) refers (Special) to iusefp.o(.text) for __I$use$fp
    ddiv.o(.text) refers to depilogue.o(.text) for _double_round
    dflti.o(.text) refers (Special) to iusefp.o(.text) for __I$use$fp
    dflti.o(.text) refers to depilogue.o(.text) for _double_epilogue
    ffixi.o(.text) refers (Special) to iusefp.o(.text) for __I$use$fp
    f2d.o(.text) refers (Special) to iusefp.o(.text) for __I$use$fp
    d2f.o(.text) refers (Special) to iusefp.o(.text) for __I$use$fp
    d2f.o(.text) refers to fepilogue.o(.text) for _float_round
    entry2.o(.ARM.Collect$$$$00000001) refers to entry2.o(.ARM.Collect$$$$00002712) for __lit__00000000
    entry2.o(.ARM.Collect$$$$00002712) refers to startup_cmsdk_cm0.o(STACK) for __initial_sp
    entry2.o(__vectab_stack_and_reset_area) refers to startup_cmsdk_cm0.o(STACK) for __initial_sp
    entry2.o(__vectab_stack_and_reset_area) refers to entry.o(.ARM.Collect$$$$00000000) for __main
    entry5.o(.ARM.Collect$$$$00000004) refers to init.o(.text) for __scatterload
    entry9a.o(.ARM.Collect$$$$0000000B) refers to main.o(i.main) for main
    entry9b.o(.ARM.Collect$$$$0000000C) refers to main.o(i.main) for main
    uldiv.o(.text) refers to llushr.o(.text) for __aeabi_llsr
    uldiv.o(.text) refers to llshl.o(.text) for __aeabi_llsl
    depilogue.o(.text) refers to depilogue.o(i.__ARM_clz) for __ARM_clz
    depilogue.o(.text) refers to llshl.o(.text) for __aeabi_llsl
    depilogue.o(.text) refers to llushr.o(.text) for __aeabi_llsr
    dmul.o(.text) refers to depilogue.o(.text) for _double_epilogue
    dfixul.o(.text) refers to llushr.o(.text) for __aeabi_llsr
    dfixul.o(.text) refers to llshl.o(.text) for __aeabi_llsl
    init.o(.text) refers to entry5.o(.ARM.Collect$$$$00000004) for __main_after_scatterload


==============================================================================

Removing Unused input sections from the image.

    Removing code_def.o(i.KEY0Handle), (8 bytes).
    Removing code_def.o(i.KEY1Handle), (8 bytes).
    Removing code_def.o(i.KEY2Handle), (8 bytes).
    Removing code_def.o(i.KEY3Handle), (10 bytes).
    Removing code_def.o(i.KEY4Handle), (10 bytes).
    Removing code_def.o(i.KEY5Handle), (10 bytes).
    Removing code_def.o(i.KEY6Handle), (24 bytes).
    Removing code_def.o(i.MSi001_Init), (96 bytes).
    Removing code_def.o(i.MSi_SPI_Write), (76 bytes).
    Removing code_def.o(i.QN8027_Init), (60 bytes).
    Removing code_def.o(i.ReadUART1), (12 bytes).
    Removing code_def.o(i.ReadUART2), (12 bytes).
    Removing code_def.o(i.SPI_Initializes), (20 bytes).
    Removing code_def.o(i.Serial1_Receive_Data), (136 bytes).
    Removing code_def.o(i.Serial2_Receive_Data), (132 bytes).
    Removing code_def.o(i.TIMEHandle), (88 bytes).
    Removing code_def.o(i.TIME_Init), (20 bytes).
    Removing code_def.o(i.UART1Handle), (40 bytes).
    Removing code_def.o(i.fre_select), (220 bytes).
    Removing code_def.o(i.gain_select), (28 bytes).
    Removing code_def.o(.constdata), (4 bytes).
    Removing code_def.o(.data), (1 bytes).
    Removing code_def.o(.data), (4 bytes).
    Removing code_def.o(.data), (2880 bytes).
    Removing code_def.o(.data), (4 bytes).
    Removing code_def.o(.data), (4 bytes).
    Removing main.o(.bss), (10 bytes).
    Removing main.o(.bss), (10 bytes).
    Removing main.o(.data), (4 bytes).
    Removing main.o(.data), (4 bytes).
    Removing main.o(.data), (3 bytes).
    Removing main.o(.data), (8 bytes).
    Removing startup_cmsdk_cm0.o(HEAP), (1024 bytes).
    Removing retarget.o(i._sys_exit), (2 bytes).
    Removing retarget.o(i._ttywrch), (8 bytes).
    Removing retarget.o(i.ferror), (4 bytes).
    Removing retarget.o(i.fputc), (8 bytes).
    Removing retarget.o(i.uart_out), (12 bytes).
    Removing retarget.o(.data), (4 bytes).
    Removing retarget.o(.data), (4 bytes).
    Removing mpuiic.o(i.MPU_IIC_Delay), (10 bytes).
    Removing ld3320.o(i.spi_send_byte), (76 bytes).
    Removing ld3320.o(.bss), (10 bytes).
    Removing ld3320.o(.data), (1 bytes).
    Removing ld3320.o(.data), (1 bytes).
    Removing ld3320.o(.data), (10 bytes).
    Removing pajiic.o(i.PAJ_IIC_Delay), (10 bytes).
    Removing pajiic.o(i.paj_read_byte), (70 bytes).
    Removing pajiic.o(.bss), (10 bytes).
    Removing lcd.o(i.LCD_Clear_back), (104 bytes).
    Removing lcd.o(i.LCD_Color_Fill), (86 bytes).
    Removing lcd.o(i.LCD_DisplayOff), (10 bytes).
    Removing lcd.o(i.LCD_DisplayOn), (10 bytes).
    Removing lcd.o(i.LCD_DrawLine), (154 bytes).
    Removing lcd.o(i.LCD_Pow), (20 bytes).
    Removing lcd.o(i.LCD_RD_DATA), (28 bytes).
    Removing lcd.o(i.LCD_ReadReg), (12 bytes).
    Removing lcd.o(i.LCD_Scan_Dir), (544 bytes).
    Removing lcd.o(i.LCD_Set_Window), (88 bytes).
    Removing lcd.o(i.LCD_ShowNum), (116 bytes).
    Removing lcd.o(i.LCD_ShowxNum), (144 bytes).
    Removing lcd.o(i.LCD_WriteRAM), (8 bytes).
    Removing lcd.o(i.LCD_WriteRAM_Prepare), (10 bytes).
    Removing lcd.o(i.LCD_WriteReg), (16 bytes).
    Removing lcd.o(i.ReadData), (40 bytes).
    Removing lcd.o(i.opt_Delay), (12 bytes).
    Removing sflash.o(i.SFLASH_EraseBlock), (60 bytes).
    Removing sflash.o(i.SFLASH_EraseChip), (36 bytes).
    Removing sflash.o(i.SFLASH_EraseSector), (60 bytes).
    Removing sflash.o(i.SFLASH_FastReadNByte), (80 bytes).
    Removing sflash.o(i.SFLASH_PowerDown), (24 bytes).
    Removing sflash.o(i.SFLASH_ReadID), (56 bytes).
    Removing sflash.o(i.SFLASH_ReadJEDEC_ID), (44 bytes).
    Removing sflash.o(i.SFLASH_ReadNByte), (72 bytes).
    Removing sflash.o(i.SFLASH_ReadSR), (28 bytes).
    Removing sflash.o(i.SFLASH_WAKEUP), (24 bytes).
    Removing sflash.o(i.SFLASH_WaitForNoBusy), (12 bytes).
    Removing sflash.o(i.SFLASH_WriteEnable), (24 bytes).
    Removing sflash.o(i.SFLASH_WriteNByte), (180 bytes).
    Removing sflash.o(i.SFLASH_WriteNoCheck), (58 bytes).
    Removing sflash.o(i.SFLASH_WritePage), (80 bytes).
    Removing sflash.o(i.SFLASH_WriteSR), (32 bytes).
    Removing sflash.o(.bss), (4096 bytes).
    Removing game.o(i.lfsr_rand), (64 bytes).
    Removing game.o(.bss), (12 bytes).
    Removing game.o(.bss), (12 bytes).
    Removing game.o(.bss), (10 bytes).
    Removing game.o(.bss), (10 bytes).
    Removing game.o(.bss), (10 bytes).
    Removing game.o(.bss), (10 bytes).
    Removing game.o(.bss), (10 bytes).
    Removing game.o(.bss), (10 bytes).
    Removing game.o(.bss), (10 bytes).
    Removing game.o(.bss), (10 bytes).
    Removing game.o(.data), (64 bytes).
    Removing game.o(.data), (4 bytes).
    Removing game.o(.data), (3 bytes).
    Removing game.o(.data), (1 bytes).
    Removing fmul.o(.text), (122 bytes).
    Removing fdiv.o(.text), (124 bytes).
    Removing fscalb.o(.text), (24 bytes).
    Removing dadd.o(.text), (356 bytes).
    Removing ddiv.o(.text), (240 bytes).
    Removing dflti.o(.text), (40 bytes).
    Removing ffixi.o(.text), (50 bytes).
    Removing f2d.o(.text), (40 bytes).
    Removing d2f.o(.text), (56 bytes).
    Removing fepilogue.o(.text), (130 bytes).
    Removing depilogue.o(.text), (190 bytes).
    Removing dmul.o(.text), (208 bytes).
    Removing dfixul.o(.text), (64 bytes).
    Removing cdrcmple.o(.text), (40 bytes).
    Removing depilogue.o(i.__ARM_clz), (46 bytes).

113 unused section(s) (total 13556 bytes) removed from the image.

==============================================================================

Image Symbol Table

    Local Symbols

    Symbol Name                              Value     Ov Type        Size  Object(Section)

    RESET                                    0x00000000   Section       76  startup_cmsdk_cm0.o(RESET)
    ../clib/../cmprslib/zerorunl2.c          0x00000000   Number         0  __dczerorl2.o ABSOLUTE
    ../clib/microlib/division.c              0x00000000   Number         0  uldiv.o ABSOLUTE
    ../clib/microlib/division.c              0x00000000   Number         0  idiv.o ABSOLUTE
    ../clib/microlib/division.c              0x00000000   Number         0  uidiv.o ABSOLUTE
    ../clib/microlib/init/entry.s            0x00000000   Number         0  entry2.o ABSOLUTE
    ../clib/microlib/init/entry.s            0x00000000   Number         0  entry7a.o ABSOLUTE
    ../clib/microlib/init/entry.s            0x00000000   Number         0  entry10b.o ABSOLUTE
    ../clib/microlib/init/entry.s            0x00000000   Number         0  entry5.o ABSOLUTE
    ../clib/microlib/init/entry.s            0x00000000   Number         0  entry9a.o ABSOLUTE
    ../clib/microlib/init/entry.s            0x00000000   Number         0  entry7b.o ABSOLUTE
    ../clib/microlib/init/entry.s            0x00000000   Number         0  entry9b.o ABSOLUTE
    ../clib/microlib/init/entry.s            0x00000000   Number         0  entry11a.o ABSOLUTE
    ../clib/microlib/init/entry.s            0x00000000   Number         0  entry11b.o ABSOLUTE
    ../clib/microlib/init/entry.s            0x00000000   Number         0  entry10a.o ABSOLUTE
    ../clib/microlib/init/entry.s            0x00000000   Number         0  entry.o ABSOLUTE
    ../clib/microlib/init/entry.s            0x00000000   Number         0  entry8b.o ABSOLUTE
    ../clib/microlib/init/entry.s            0x00000000   Number         0  entry8a.o ABSOLUTE
    ../clib/microlib/longlong.c              0x00000000   Number         0  llsshr.o ABSOLUTE
    ../clib/microlib/longlong.c              0x00000000   Number         0  llushr.o ABSOLUTE
    ../clib/microlib/longlong.c              0x00000000   Number         0  llshl.o ABSOLUTE
    ../clib/microlib/printf/printf.c         0x00000000   Number         0  printf6.o ABSOLUTE
    ../clib/microlib/printf/printf.c         0x00000000   Number         0  printf5.o ABSOLUTE
    ../clib/microlib/printf/printf.c         0x00000000   Number         0  printf4.o ABSOLUTE
    ../clib/microlib/printf/printf.c         0x00000000   Number         0  printf3.o ABSOLUTE
    ../clib/microlib/printf/printf.c         0x00000000   Number         0  printf2.o ABSOLUTE
    ../clib/microlib/printf/printf.c         0x00000000   Number         0  printf1.o ABSOLUTE
    ../clib/microlib/printf/printf.c         0x00000000   Number         0  printf0.o ABSOLUTE
    ../clib/microlib/printf/printf.c         0x00000000   Number         0  printfb.o ABSOLUTE
    ../clib/microlib/printf/printf.c         0x00000000   Number         0  printfa.o ABSOLUTE
    ../clib/microlib/printf/printf.c         0x00000000   Number         0  printf8.o ABSOLUTE
    ../clib/microlib/printf/printf.c         0x00000000   Number         0  printf7.o ABSOLUTE
    ../clib/microlib/printf/stubs.s          0x00000000   Number         0  stubs.o ABSOLUTE
    ../clib/microlib/stdlib/rand.c           0x00000000   Number         0  rand.o ABSOLUTE
    ../clib/microlib/string/memcpy.c         0x00000000   Number         0  memcpya.o ABSOLUTE
    ../clib/microlib/string/memcpy.c         0x00000000   Number         0  memcpyb.o ABSOLUTE
    ../clib/microlib/string/strlen.c         0x00000000   Number         0  strlen.o ABSOLUTE
    ../clib/microlib/stubs.s                 0x00000000   Number         0  iusefp.o ABSOLUTE
    ../clib/microlib/stubs.s                 0x00000000   Number         0  useno.o ABSOLUTE
    ../fplib/microlib/d2f.c                  0x00000000   Number         0  d2f.o ABSOLUTE
    ../fplib/microlib/f2d.c                  0x00000000   Number         0  f2d.o ABSOLUTE
    ../fplib/microlib/fpadd.c                0x00000000   Number         0  dadd.o ABSOLUTE
    ../fplib/microlib/fpdiv.c                0x00000000   Number         0  fdiv.o ABSOLUTE
    ../fplib/microlib/fpdiv.c                0x00000000   Number         0  ddiv.o ABSOLUTE
    ../fplib/microlib/fpepilogue.c           0x00000000   Number         0  depilogue.o ABSOLUTE
    ../fplib/microlib/fpepilogue.c           0x00000000   Number         0  fepilogue.o ABSOLUTE
    ../fplib/microlib/fpfix.c                0x00000000   Number         0  dfixul.o ABSOLUTE
    ../fplib/microlib/fpfix.c                0x00000000   Number         0  ffixi.o ABSOLUTE
    ../fplib/microlib/fpflt.c                0x00000000   Number         0  dflti.o ABSOLUTE
    ../fplib/microlib/fpmul.c                0x00000000   Number         0  dmul.o ABSOLUTE
    ../fplib/microlib/fpmul.c                0x00000000   Number         0  fmul.o ABSOLUTE
    ../fplib/microlib/fpscalb.c              0x00000000   Number         0  fscalb.o ABSOLUTE
    Retarget.c                               0x00000000   Number         0  retarget.o ABSOLUTE
    cdrcmple.s                               0x00000000   Number         0  cdrcmple.o ABSOLUTE
    code_def.c                               0x00000000   Number         0  code_def.o ABSOLUTE
    dc.s                                     0x00000000   Number         0  dc.o ABSOLUTE
    game.c                                   0x00000000   Number         0  game.o ABSOLUTE
    handlers.s                               0x00000000   Number         0  handlers.o ABSOLUTE
    init.s                                   0x00000000   Number         0  init.o ABSOLUTE
    lcd.c                                    0x00000000   Number         0  lcd.o ABSOLUTE
    ld3320.c                                 0x00000000   Number         0  ld3320.o ABSOLUTE
    main.c                                   0x00000000   Number         0  main.o ABSOLUTE
    mpuiic.c                                 0x00000000   Number         0  mpuiic.o ABSOLUTE
    pajiic.c                                 0x00000000   Number         0  pajiic.o ABSOLUTE
    sflash.c                                 0x00000000   Number         0  sflash.o ABSOLUTE
    startup_CMSDK_CM0.s                      0x00000000   Number         0  startup_cmsdk_cm0.o ABSOLUTE
    .ARM.Collect$$$$00000000                 0x0000004c   Section        0  entry.o(.ARM.Collect$$$$00000000)
    .ARM.Collect$$$$00000001                 0x0000004c   Section        4  entry2.o(.ARM.Collect$$$$00000001)
    .ARM.Collect$$$$00000004                 0x00000050   Section        4  entry5.o(.ARM.Collect$$$$00000004)
    .ARM.Collect$$$$00000008                 0x00000054   Section        0  entry7b.o(.ARM.Collect$$$$00000008)
    .ARM.Collect$$$$0000000A                 0x00000054   Section        0  entry8b.o(.ARM.Collect$$$$0000000A)
    .ARM.Collect$$$$0000000B                 0x00000054   Section        8  entry9a.o(.ARM.Collect$$$$0000000B)
    .ARM.Collect$$$$0000000D                 0x0000005c   Section        0  entry10a.o(.ARM.Collect$$$$0000000D)
    .ARM.Collect$$$$0000000F                 0x0000005c   Section        0  entry11a.o(.ARM.Collect$$$$0000000F)
    .ARM.Collect$$$$00002712                 0x0000005c   Section        4  entry2.o(.ARM.Collect$$$$00002712)
    __lit__00000000                          0x0000005c   Data           4  entry2.o(.ARM.Collect$$$$00002712)
    .text                                    0x00000060   Section       28  startup_cmsdk_cm0.o(.text)
    .text                                    0x0000007c   Section        0  uidiv.o(.text)
    .text                                    0x000000a8   Section        0  idiv.o(.text)
    .text                                    0x000000d0   Section        0  rand.o(.text)
    .text                                    0x000000f4   Section        0  memcpya.o(.text)
    .text                                    0x00000118   Section        0  strlen.o(.text)
    .text                                    0x00000128   Section       36  init.o(.text)
    .text                                    0x0000014c   Section        0  __dczerorl2.o(.text)
    i.ADC_value                              0x000001a2   Section        0  mpuiic.o(i.ADC_value)
    i.DoSum                                  0x000001f0   Section        0  code_def.o(i.DoSum)
    i.Gesture_test                           0x00000210   Section        0  pajiic.o(i.Gesture_test)
    i.Key_Scan                               0x0000031c   Section        0  code_def.o(i.Key_Scan)
    i.LCD_Clear                              0x00000390   Section        0  lcd.o(i.LCD_Clear)
    i.LCD_Display_Dir                        0x000003f0   Section        0  lcd.o(i.LCD_Display_Dir)
    i.LCD_DrawPicture                        0x00000448   Section        0  lcd.o(i.LCD_DrawPicture)
    i.LCD_DrawPoint                          0x0000048c   Section        0  lcd.o(i.LCD_DrawPoint)
    i.LCD_Fast_DrawPoint                     0x000004a8   Section        0  lcd.o(i.LCD_Fast_DrawPoint)
    i.LCD_Fill                               0x000004fc   Section        0  lcd.o(i.LCD_Fill)
    i.LCD_INI_FINISH                         0x00000538   Section        0  code_def.o(i.LCD_INI_FINISH)
    i.LCD_Init                               0x00000544   Section        0  lcd.o(i.LCD_Init)
    i.LCD_SetCursor                          0x00000554   Section        0  lcd.o(i.LCD_SetCursor)
    i.LCD_ShowChar                           0x00000580   Section        0  lcd.o(i.LCD_ShowChar)
    i.LCD_ShowString                         0x00000628   Section        0  lcd.o(i.LCD_ShowString)
    i.LCD_WR_DATA                            0x00000680   Section        0  lcd.o(i.LCD_WR_DATA)
    i.LCD_WR_REG                             0x0000069c   Section        0  lcd.o(i.LCD_WR_REG)
    i.LD_AsrAddFixed                         0x000006b8   Section        0  ld3320.o(i.LD_AsrAddFixed)
    LD_AsrAddFixed                           0x000006b9   Thumb Code   142  ld3320.o(i.LD_AsrAddFixed)
    i.LD_AsrRun                              0x00000754   Section        0  ld3320.o(i.LD_AsrRun)
    LD_AsrRun                                0x00000755   Thumb Code   102  ld3320.o(i.LD_AsrRun)
    i.LD_Check_ASRBusyFlag_b2                0x000007ba   Section        0  ld3320.o(i.LD_Check_ASRBusyFlag_b2)
    LD_Check_ASRBusyFlag_b2                  0x000007bb   Thumb Code    38  ld3320.o(i.LD_Check_ASRBusyFlag_b2)
    i.LD_Init_ASR                            0x000007e0   Section        0  ld3320.o(i.LD_Init_ASR)
    LD_Init_ASR                              0x000007e1   Thumb Code    94  ld3320.o(i.LD_Init_ASR)
    i.LD_Init_Common                         0x00000844   Section        0  ld3320.o(i.LD_Init_Common)
    LD_Init_Common                           0x00000845   Thumb Code   194  ld3320.o(i.LD_Init_Common)
    i.LD_ReadReg                             0x0000090c   Section        0  ld3320.o(i.LD_ReadReg)
    i.LD_WriteReg                            0x00000938   Section        0  ld3320.o(i.LD_WriteReg)
    i.LD_reset                               0x00000968   Section        0  ld3320.o(i.LD_reset)
    i.Ld3320_Fun                             0x0000098c   Section        0  ld3320.o(i.Ld3320_Fun)
    i.MPU_IIC_Ack                            0x00000a70   Section        0  mpuiic.o(i.MPU_IIC_Ack)
    i.MPU_IIC_NAck                           0x00000a94   Section        0  mpuiic.o(i.MPU_IIC_NAck)
    i.MPU_IIC_Read_Byte                      0x00000ab8   Section        0  mpuiic.o(i.MPU_IIC_Read_Byte)
    i.MPU_IIC_Send_Byte                      0x00000b30   Section        0  mpuiic.o(i.MPU_IIC_Send_Byte)
    i.MPU_IIC_Start                          0x00000b64   Section        0  mpuiic.o(i.MPU_IIC_Start)
    i.MPU_IIC_Stop                           0x00000b88   Section        0  mpuiic.o(i.MPU_IIC_Stop)
    i.MPU_IIC_Wait_Ack                       0x00000bac   Section        0  mpuiic.o(i.MPU_IIC_Wait_Ack)
    i.MPU_Write_Byte                         0x00000be8   Section        0  code_def.o(i.MPU_Write_Byte)
    i.MakeData                               0x00000c28   Section        0  lcd.o(i.MakeData)
    i.PAJ_IIC_Ack                            0x00000c94   Section        0  pajiic.o(i.PAJ_IIC_Ack)
    i.PAJ_IIC_NAck                           0x00000cb8   Section        0  pajiic.o(i.PAJ_IIC_NAck)
    i.PAJ_IIC_Read_Byte                      0x00000cdc   Section        0  pajiic.o(i.PAJ_IIC_Read_Byte)
    i.PAJ_IIC_Send_Byte                      0x00000d28   Section        0  pajiic.o(i.PAJ_IIC_Send_Byte)
    i.PAJ_IIC_Start                          0x00000d5c   Section        0  pajiic.o(i.PAJ_IIC_Start)
    i.PAJ_IIC_Stop                           0x00000d80   Section        0  pajiic.o(i.PAJ_IIC_Stop)
    i.PAJ_IIC_Wait_Ack                       0x00000da4   Section        0  pajiic.o(i.PAJ_IIC_Wait_Ack)
    i.PCF8591_Init                           0x00000de0   Section        0  code_def.o(i.PCF8591_Init)
    i.ProcessInt                             0x00000dec   Section        0  ld3320.o(i.ProcessInt)
    i.ReadUART1State                         0x00000e88   Section        0  code_def.o(i.ReadUART1State)
    i.ReadUART2State                         0x00000e94   Section        0  code_def.o(i.ReadUART2State)
    i.SPIHandle                              0x00000ea0   Section        0  code_def.o(i.SPIHandle)
    i.SPI_ReadByte                           0x00000eb0   Section        0  code_def.o(i.SPI_ReadByte)
    i.SPI_WriteByte                          0x00000ee8   Section        0  code_def.o(i.SPI_WriteByte)
    i.SendCmd                                0x00000f20   Section        0  code_def.o(i.SendCmd)
    i.UART1String                            0x00000f4c   Section        0  code_def.o(i.UART1String)
    i.UART2String                            0x00000f68   Section        0  code_def.o(i.UART2String)
    i.UART_DATA                              0x00000f84   Section        0  code_def.o(i.UART_DATA)
    i.Uart_SendCmd                           0x00000f9c   Section        0  code_def.o(i.Uart_SendCmd)
    i.WriteUART1                             0x00000fc8   Section        0  code_def.o(i.WriteUART1)
    i.WriteUART2                             0x00000fe0   Section        0  code_def.o(i.WriteUART2)
    i.__0sprintf$1                           0x00000ff8   Section        0  printf1.o(i.__0sprintf$1)
    i.__ARM_common_switch8                   0x00001020   Section        0  main.o(i.__ARM_common_switch8)
    i.__scatterload_copy                     0x0000103a   Section       14  handlers.o(i.__scatterload_copy)
    i.__scatterload_null                     0x00001048   Section        2  handlers.o(i.__scatterload_null)
    i.__scatterload_zeroinit                 0x0000104a   Section       14  handlers.o(i.__scatterload_zeroinit)
    i._printf_core                           0x00001058   Section        0  printf1.o(i._printf_core)
    _printf_core                             0x00001059   Thumb Code   332  printf1.o(i._printf_core)
    i._sputc                                 0x000011a8   Section        0  printf1.o(i._sputc)
    _sputc                                   0x000011a9   Thumb Code    10  printf1.o(i._sputc)
    i.begin_show                             0x000011b4   Section        0  main.o(i.begin_show)
    i.channel_select                         0x000012cc   Section        0  mpuiic.o(i.channel_select)
    i.check_collision                        0x000012fc   Section        0  game.o(i.check_collision)
    i.check_hit                              0x000013c0   Section        0  game.o(i.check_hit)
    i.collision_check                        0x000013f0   Section        0  main.o(i.collision_check)
    i.delay_ms                               0x00001558   Section        0  code_def.o(i.delay_ms)
    i.delay_us                               0x00001580   Section        0  code_def.o(i.delay_us)
    i.draw_enemy                             0x000015a4   Section        0  game.o(i.draw_enemy)
    i.esp8266_delay                          0x00001600   Section        0  main.o(i.esp8266_delay)
    i.esp8266_init                           0x0000162c   Section        0  main.o(i.esp8266_init)
    i.game_init                              0x00001704   Section        0  game.o(i.game_init)
    i.gamepad_mode                           0x00001738   Section        0  main.o(i.gamepad_mode)
    i.gaming_show                            0x0000181c   Section        0  main.o(i.gaming_show)
    i.generate_random_position               0x00001968   Section        0  game.o(i.generate_random_position)
    i.init_bullets                           0x00001a10   Section        0  game.o(i.init_bullets)
    i.init_enemies                           0x00001a38   Section        0  game.o(i.init_enemies)
    i.intelligence_mode                      0x00001a68   Section        0  main.o(i.intelligence_mode)
    i.key_mode                               0x00001b48   Section        0  main.o(i.key_mode)
    i.level_improve                          0x00001c18   Section        0  main.o(i.level_improve)
    i.main                                   0x00001c54   Section        0  main.o(i.main)
    i.motion_mode                            0x00001d54   Section        0  main.o(i.motion_mode)
    i.move_enemies                           0x00001e3c   Section        0  game.o(i.move_enemies)
    i.over_show                              0x00001f44   Section        0  main.o(i.over_show)
    i.paj_init                               0x00002080   Section        0  pajiic.o(i.paj_init)
    i.paj_read_nbyte                         0x000020bc   Section        0  pajiic.o(i.paj_read_nbyte)
    i.paj_wakeup                             0x0000211a   Section        0  pajiic.o(i.paj_wakeup)
    i.paj_write_byte                         0x0000216c   Section        0  pajiic.o(i.paj_write_byte)
    i.show_init                              0x000021a8   Section        0  main.o(i.show_init)
    i.update_bullet_position                 0x000021e0   Section        0  game.o(i.update_bullet_position)
    i.volumn_change                          0x00002354   Section        0  main.o(i.volumn_change)
    .constdata                               0x000023b8   Section      720  code_def.o(.constdata)
    .constdata                               0x00002688   Section      140  ld3320.o(.constdata)
    .constdata                               0x00002714   Section      102  pajiic.o(.constdata)
    .constdata                               0x0000277a   Section     1520  lcd.o(.constdata)
    .data                                    0x20000000   Section       26  code_def.o(.data)
    state                                    0x20000006   Data           1  code_def.o(.data)
    bit_number                               0x20000007   Data           1  code_def.o(.data)
    state                                    0x20000008   Data           1  code_def.o(.data)
    bit_number                               0x20000009   Data           1  code_def.o(.data)
    openmv                                   0x20000014   Data           6  code_def.o(.data)
    .data                                    0x2000001a   Section     1400  code_def.o(.data)
    .data                                    0x20000592   Section     1400  code_def.o(.data)
    .data                                    0x20000b0a   Section     1400  code_def.o(.data)
    .data                                    0x20001082   Section     1400  code_def.o(.data)
    .data                                    0x200015fa   Section     1400  code_def.o(.data)
    .data                                    0x20001b72   Section      420  code_def.o(.data)
    .data                                    0x20001d16   Section        1  main.o(.data)
    .data                                    0x20001d18   Section      101  main.o(.data)
    .data                                    0x20001d7d   Section        3  ld3320.o(.data)
    nAsrStatus                               0x20001d7d   Data           1  ld3320.o(.data)
    .data                                    0x20001d80   Section       60  pajiic.o(.data)
    .data                                    0x20001dbc   Section        8  lcd.o(.data)
    i                                        0x20001dc0   Data           2  lcd.o(.data)
    j                                        0x20001dc2   Data           2  lcd.o(.data)
    .data                                    0x20001dc4   Section       36  game.o(.data)
    .data                                    0x20001de8   Section        4  game.o(.data)
    .data                                    0x20001dec   Section        1  game.o(.data)
    .data                                    0x20001df0   Section        4  rand.o(.data)
    _rand_state                              0x20001df0   Data           4  rand.o(.data)
    .bss                                     0x20001df4   Section       26  code_def.o(.bss)
    openmv                                   0x20001dfd   Data          17  code_def.o(.bss)
    .bss                                     0x20001e10   Section       66  main.o(.bss)
    .bss                                     0x20001e52   Section       10  ld3320.o(.bss)
    .bss                                     0x20001e5c   Section       14  lcd.o(.bss)
    .bss                                     0x20001e6a   Section       94  game.o(.bss)
    STACK                                    0x20001ed0   Section     1024  startup_cmsdk_cm0.o(STACK)

    Global Symbols

    Symbol Name                              Value     Ov Type        Size  Object(Section)

    BuildAttributes$$THM_ISAv3M$S$PE$A:L22$X:L11$S22$IEEE1$IW$USESV6$~STKCKD$USESV7$~SHL$OTIME$ROPI$EBA8$MICROLIB$REQ8$PRES8$EABIv2 0x00000000   Number         0  anon$$obj.o ABSOLUTE
    __ARM_use_no_argv                        0x00000000   Number         0  main.o ABSOLUTE
    __Vectors                                0x00000000   Data           4  startup_cmsdk_cm0.o(RESET)
    __use_no_errno                           0x00000000   Number         0  useno.o ABSOLUTE
    __use_no_exception_handling              0x00000000   Number         0  useno.o ABSOLUTE
    __use_no_fp                              0x00000000   Number         0  useno.o ABSOLUTE
    __use_no_heap                            0x00000000   Number         0  useno.o ABSOLUTE
    __use_no_heap_region                     0x00000000   Number         0  useno.o ABSOLUTE
    __use_no_semihosting                     0x00000000   Number         0  useno.o ABSOLUTE
    __use_no_semihosting_swi                 0x00000000   Number         0  useno.o ABSOLUTE
    __use_no_signal_handling                 0x00000000   Number         0  useno.o ABSOLUTE
    _printf_a                                0x00000000   Number         0  stubs.o ABSOLUTE
    _printf_c                                0x00000000   Number         0  stubs.o ABSOLUTE
    _printf_charcount                        0x00000000   Number         0  stubs.o ABSOLUTE
    _printf_d                                0x00000000   Number         0  stubs.o ABSOLUTE
    _printf_e                                0x00000000   Number         0  stubs.o ABSOLUTE
    _printf_f                                0x00000000   Number         0  stubs.o ABSOLUTE
    _printf_flags                            0x00000000   Number         0  stubs.o ABSOLUTE
    _printf_fp_dec                           0x00000000   Number         0  stubs.o ABSOLUTE
    _printf_fp_hex                           0x00000000   Number         0  stubs.o ABSOLUTE
    _printf_g                                0x00000000   Number         0  stubs.o ABSOLUTE
    _printf_i                                0x00000000   Number         0  stubs.o ABSOLUTE
    _printf_int_dec                          0x00000000   Number         0  stubs.o ABSOLUTE
    _printf_l                                0x00000000   Number         0  stubs.o ABSOLUTE
    _printf_lc                               0x00000000   Number         0  stubs.o ABSOLUTE
    _printf_ll                               0x00000000   Number         0  stubs.o ABSOLUTE
    _printf_lld                              0x00000000   Number         0  stubs.o ABSOLUTE
    _printf_lli                              0x00000000   Number         0  stubs.o ABSOLUTE
    _printf_llo                              0x00000000   Number         0  stubs.o ABSOLUTE
    _printf_llu                              0x00000000   Number         0  stubs.o ABSOLUTE
    _printf_llx                              0x00000000   Number         0  stubs.o ABSOLUTE
    _printf_longlong_dec                     0x00000000   Number         0  stubs.o ABSOLUTE
    _printf_longlong_hex                     0x00000000   Number         0  stubs.o ABSOLUTE
    _printf_longlong_oct                     0x00000000   Number         0  stubs.o ABSOLUTE
    _printf_ls                               0x00000000   Number         0  stubs.o ABSOLUTE
    _printf_mbtowc                           0x00000000   Number         0  stubs.o ABSOLUTE
    _printf_n                                0x00000000   Number         0  stubs.o ABSOLUTE
    _printf_o                                0x00000000   Number         0  stubs.o ABSOLUTE
    _printf_p                                0x00000000   Number         0  stubs.o ABSOLUTE
    _printf_percent                          0x00000000   Number         0  stubs.o ABSOLUTE
    _printf_pre_padding                      0x00000000   Number         0  stubs.o ABSOLUTE
    _printf_return_value                     0x00000000   Number         0  stubs.o ABSOLUTE
    _printf_s                                0x00000000   Number         0  stubs.o ABSOLUTE
    _printf_sizespec                         0x00000000   Number         0  stubs.o ABSOLUTE
    _printf_str                              0x00000000   Number         0  stubs.o ABSOLUTE
    _printf_truncate_signed                  0x00000000   Number         0  stubs.o ABSOLUTE
    _printf_truncate_unsigned                0x00000000   Number         0  stubs.o ABSOLUTE
    _printf_u                                0x00000000   Number         0  stubs.o ABSOLUTE
    _printf_wc                               0x00000000   Number         0  stubs.o ABSOLUTE
    _printf_wctomb                           0x00000000   Number         0  stubs.o ABSOLUTE
    _printf_widthprec                        0x00000000   Number         0  stubs.o ABSOLUTE
    _printf_x                                0x00000000   Number         0  stubs.o ABSOLUTE
    __cpp_initialize__aeabi_                  - Undefined Weak Reference
    __cxa_finalize                            - Undefined Weak Reference
    _clock_init                               - Undefined Weak Reference
    _microlib_exit                            - Undefined Weak Reference
    __main                                   0x0000004d   Thumb Code     0  entry.o(.ARM.Collect$$$$00000000)
    _main_stk                                0x0000004d   Thumb Code     0  entry2.o(.ARM.Collect$$$$00000001)
    _main_scatterload                        0x00000051   Thumb Code     0  entry5.o(.ARM.Collect$$$$00000004)
    __main_after_scatterload                 0x00000055   Thumb Code     0  entry5.o(.ARM.Collect$$$$00000004)
    _main_clock                              0x00000055   Thumb Code     0  entry7b.o(.ARM.Collect$$$$00000008)
    _main_cpp_init                           0x00000055   Thumb Code     0  entry8b.o(.ARM.Collect$$$$0000000A)
    _main_init                               0x00000055   Thumb Code     0  entry9a.o(.ARM.Collect$$$$0000000B)
    __rt_final_cpp                           0x0000005d   Thumb Code     0  entry10a.o(.ARM.Collect$$$$0000000D)
    __rt_final_exit                          0x0000005d   Thumb Code     0  entry11a.o(.ARM.Collect$$$$0000000F)
    Reset_Handler                            0x00000061   Thumb Code     8  startup_cmsdk_cm0.o(.text)
    LCDINI_Handler                           0x00000069   Thumb Code     8  startup_cmsdk_cm0.o(.text)
    SPI_Handler                              0x00000071   Thumb Code     8  startup_cmsdk_cm0.o(.text)
    __aeabi_uidiv                            0x0000007d   Thumb Code     0  uidiv.o(.text)
    __aeabi_uidivmod                         0x0000007d   Thumb Code    44  uidiv.o(.text)
    __aeabi_idiv                             0x000000a9   Thumb Code     0  idiv.o(.text)
    __aeabi_idivmod                          0x000000a9   Thumb Code    40  idiv.o(.text)
    rand                                     0x000000d1   Thumb Code    18  rand.o(.text)
    srand                                    0x000000e3   Thumb Code     6  rand.o(.text)
    __aeabi_memcpy                           0x000000f5   Thumb Code    36  memcpya.o(.text)
    __aeabi_memcpy4                          0x000000f5   Thumb Code     0  memcpya.o(.text)
    __aeabi_memcpy8                          0x000000f5   Thumb Code     0  memcpya.o(.text)
    strlen                                   0x00000119   Thumb Code    14  strlen.o(.text)
    __scatterload                            0x00000129   Thumb Code    28  init.o(.text)
    __scatterload_rt2                        0x00000129   Thumb Code     0  init.o(.text)
    __decompress                             0x0000014d   Thumb Code     0  __dczerorl2.o(.text)
    __decompress1                            0x0000014d   Thumb Code    86  __dczerorl2.o(.text)
    ADC_value                                0x000001a3   Thumb Code    78  mpuiic.o(i.ADC_value)
    DoSum                                    0x000001f1   Thumb Code    32  code_def.o(i.DoSum)
    Gesture_test                             0x00000211   Thumb Code   172  pajiic.o(i.Gesture_test)
    Key_Scan                                 0x0000031d   Thumb Code   112  code_def.o(i.Key_Scan)
    LCD_Clear                                0x00000391   Thumb Code    88  lcd.o(i.LCD_Clear)
    LCD_Display_Dir                          0x000003f1   Thumb Code    74  lcd.o(i.LCD_Display_Dir)
    LCD_DrawPicture                          0x00000449   Thumb Code    64  lcd.o(i.LCD_DrawPicture)
    LCD_DrawPoint                            0x0000048d   Thumb Code    22  lcd.o(i.LCD_DrawPoint)
    LCD_Fast_DrawPoint                       0x000004a9   Thumb Code    76  lcd.o(i.LCD_Fast_DrawPoint)
    LCD_Fill                                 0x000004fd   Thumb Code    60  lcd.o(i.LCD_Fill)
    LCD_INI_FINISH                           0x00000539   Thumb Code     8  code_def.o(i.LCD_INI_FINISH)
    LCD_Init                                 0x00000545   Thumb Code    12  lcd.o(i.LCD_Init)
    LCD_SetCursor                            0x00000555   Thumb Code    44  lcd.o(i.LCD_SetCursor)
    LCD_ShowChar                             0x00000581   Thumb Code   156  lcd.o(i.LCD_ShowChar)
    LCD_ShowString                           0x00000629   Thumb Code    88  lcd.o(i.LCD_ShowString)
    LCD_WR_DATA                              0x00000681   Thumb Code    24  lcd.o(i.LCD_WR_DATA)
    LCD_WR_REG                               0x0000069d   Thumb Code    24  lcd.o(i.LCD_WR_REG)
    LD_ReadReg                               0x0000090d   Thumb Code    36  ld3320.o(i.LD_ReadReg)
    LD_WriteReg                              0x00000939   Thumb Code    40  ld3320.o(i.LD_WriteReg)
    LD_reset                                 0x00000969   Thumb Code    26  ld3320.o(i.LD_reset)
    Ld3320_Fun                               0x0000098d   Thumb Code   184  ld3320.o(i.Ld3320_Fun)
    MPU_IIC_Ack                              0x00000a71   Thumb Code    30  mpuiic.o(i.MPU_IIC_Ack)
    MPU_IIC_NAck                             0x00000a95   Thumb Code    32  mpuiic.o(i.MPU_IIC_NAck)
    MPU_IIC_Read_Byte                        0x00000ab9   Thumb Code   116  mpuiic.o(i.MPU_IIC_Read_Byte)
    MPU_IIC_Send_Byte                        0x00000b31   Thumb Code    48  mpuiic.o(i.MPU_IIC_Send_Byte)
    MPU_IIC_Start                            0x00000b65   Thumb Code    30  mpuiic.o(i.MPU_IIC_Start)
    MPU_IIC_Stop                             0x00000b89   Thumb Code    30  mpuiic.o(i.MPU_IIC_Stop)
    MPU_IIC_Wait_Ack                         0x00000bad   Thumb Code    54  mpuiic.o(i.MPU_IIC_Wait_Ack)
    MPU_Write_Byte                           0x00000be9   Thumb Code    64  code_def.o(i.MPU_Write_Byte)
    MakeData                                 0x00000c29   Thumb Code   102  lcd.o(i.MakeData)
    PAJ_IIC_Ack                              0x00000c95   Thumb Code    30  pajiic.o(i.PAJ_IIC_Ack)
    PAJ_IIC_NAck                             0x00000cb9   Thumb Code    32  pajiic.o(i.PAJ_IIC_NAck)
    PAJ_IIC_Read_Byte                        0x00000cdd   Thumb Code    72  pajiic.o(i.PAJ_IIC_Read_Byte)
    PAJ_IIC_Send_Byte                        0x00000d29   Thumb Code    48  pajiic.o(i.PAJ_IIC_Send_Byte)
    PAJ_IIC_Start                            0x00000d5d   Thumb Code    30  pajiic.o(i.PAJ_IIC_Start)
    PAJ_IIC_Stop                             0x00000d81   Thumb Code    30  pajiic.o(i.PAJ_IIC_Stop)
    PAJ_IIC_Wait_Ack                         0x00000da5   Thumb Code    54  pajiic.o(i.PAJ_IIC_Wait_Ack)
    PCF8591_Init                             0x00000de1   Thumb Code    12  code_def.o(i.PCF8591_Init)
    ProcessInt                               0x00000ded   Thumb Code   152  ld3320.o(i.ProcessInt)
    ReadUART1State                           0x00000e89   Thumb Code     8  code_def.o(i.ReadUART1State)
    ReadUART2State                           0x00000e95   Thumb Code     8  code_def.o(i.ReadUART2State)
    SPIHandle                                0x00000ea1   Thumb Code    14  code_def.o(i.SPIHandle)
    SPI_ReadByte                             0x00000eb1   Thumb Code    52  code_def.o(i.SPI_ReadByte)
    SPI_WriteByte                            0x00000ee9   Thumb Code    52  code_def.o(i.SPI_WriteByte)
    SendCmd                                  0x00000f21   Thumb Code    38  code_def.o(i.SendCmd)
    UART1String                              0x00000f4d   Thumb Code    28  code_def.o(i.UART1String)
    UART2String                              0x00000f69   Thumb Code    28  code_def.o(i.UART2String)
    UART_DATA                                0x00000f85   Thumb Code    18  code_def.o(i.UART_DATA)
    Uart_SendCmd                             0x00000f9d   Thumb Code    38  code_def.o(i.Uart_SendCmd)
    WriteUART1                               0x00000fc9   Thumb Code    18  code_def.o(i.WriteUART1)
    WriteUART2                               0x00000fe1   Thumb Code    18  code_def.o(i.WriteUART2)
    __0sprintf$1                             0x00000ff9   Thumb Code    36  printf1.o(i.__0sprintf$1)
    __1sprintf$1                             0x00000ff9   Thumb Code     0  printf1.o(i.__0sprintf$1)
    __2sprintf                               0x00000ff9   Thumb Code     0  printf1.o(i.__0sprintf$1)
    __ARM_common_switch8                     0x00001021   Thumb Code    26  main.o(i.__ARM_common_switch8)
    __scatterload_copy                       0x0000103b   Thumb Code    14  handlers.o(i.__scatterload_copy)
    __scatterload_null                       0x00001049   Thumb Code     2  handlers.o(i.__scatterload_null)
    __scatterload_zeroinit                   0x0000104b   Thumb Code    14  handlers.o(i.__scatterload_zeroinit)
    begin_show                               0x000011b5   Thumb Code   258  main.o(i.begin_show)
    channel_select                           0x000012cd   Thumb Code    38  mpuiic.o(i.channel_select)
    check_collision                          0x000012fd   Thumb Code   186  game.o(i.check_collision)
    check_hit                                0x000013c1   Thumb Code    42  game.o(i.check_hit)
    collision_check                          0x000013f1   Thumb Code   278  main.o(i.collision_check)
    delay_ms                                 0x00001559   Thumb Code    32  code_def.o(i.delay_ms)
    delay_us                                 0x00001581   Thumb Code    32  code_def.o(i.delay_us)
    draw_enemy                               0x000015a5   Thumb Code    70  game.o(i.draw_enemy)
    esp8266_delay                            0x00001601   Thumb Code    42  main.o(i.esp8266_delay)
    esp8266_init                             0x0000162d   Thumb Code    50  main.o(i.esp8266_init)
    game_init                                0x00001705   Thumb Code    42  game.o(i.game_init)
    gamepad_mode                             0x00001739   Thumb Code   188  main.o(i.gamepad_mode)
    gaming_show                              0x0000181d   Thumb Code   270  main.o(i.gaming_show)
    generate_random_position                 0x00001969   Thumb Code   160  game.o(i.generate_random_position)
    init_bullets                             0x00001a11   Thumb Code    36  game.o(i.init_bullets)
    init_enemies                             0x00001a39   Thumb Code    44  game.o(i.init_enemies)
    intelligence_mode                        0x00001a69   Thumb Code   190  main.o(i.intelligence_mode)
    key_mode                                 0x00001b49   Thumb Code   170  main.o(i.key_mode)
    level_improve                            0x00001c19   Thumb Code    46  main.o(i.level_improve)
    main                                     0x00001c55   Thumb Code   238  main.o(i.main)
    motion_mode                              0x00001d55   Thumb Code   194  main.o(i.motion_mode)
    move_enemies                             0x00001e3d   Thumb Code   254  game.o(i.move_enemies)
    over_show                                0x00001f45   Thumb Code   304  main.o(i.over_show)
    paj_init                                 0x00002081   Thumb Code    54  pajiic.o(i.paj_init)
    paj_read_nbyte                           0x000020bd   Thumb Code    94  pajiic.o(i.paj_read_nbyte)
    paj_wakeup                               0x0000211b   Thumb Code    82  pajiic.o(i.paj_wakeup)
    paj_write_byte                           0x0000216d   Thumb Code    60  pajiic.o(i.paj_write_byte)
    show_init                                0x000021a9   Thumb Code    52  main.o(i.show_init)
    update_bullet_position                   0x000021e1   Thumb Code   360  game.o(i.update_bullet_position)
    volumn_change                            0x00002355   Thumb Code    90  main.o(i.volumn_change)
    gImage_bomb                              0x000023b8   Data         720  code_def.o(.constdata)
    init_Array                               0x00002714   Data         102  pajiic.o(.constdata)
    asc2_1608                                0x0000277a   Data        1520  lcd.o(.constdata)
    Region$$Table$$Base                      0x00002d6c   Number         0  anon$$obj.o(Region$$Table)
    Region$$Table$$Limit                     0x00002d8c   Number         0  anon$$obj.o(Region$$Table)
    Flag_1                                   0x20000000   Data           1  code_def.o(.data)
    BUF                                      0x20000001   Data           1  code_def.o(.data)
    Flag_2                                   0x20000002   Data           1  code_def.o(.data)
    Order                                    0x20000003   Data           1  code_def.o(.data)
    integer                                  0x20000004   Data           1  code_def.o(.data)
    fraction                                 0x20000005   Data           1  code_def.o(.data)
    rhythm_mark                              0x2000000a   Data           1  code_def.o(.data)
    frequency_mark                           0x2000000b   Data           1  code_def.o(.data)
    sendData                                 0x2000000c   Data           4  code_def.o(.data)
    LCD_ini_finish                           0x20000010   Data           4  code_def.o(.data)
    gImage_enemy_small1                      0x2000001a   Data        1400  code_def.o(.data)
    gImage_enemy_small2                      0x20000592   Data        1400  code_def.o(.data)
    gImage_enemy_small3                      0x20000b0a   Data        1400  code_def.o(.data)
    gImage_enemy_small4                      0x20001082   Data        1400  code_def.o(.data)
    gImage_hero_small                        0x200015fa   Data        1400  code_def.o(.data)
    gImage_bullet1                           0x20001b72   Data         420  code_def.o(.data)
    channel                                  0x20001d16   Data           1  main.o(.data)
    voice_state                              0x20001d18   Data           1  main.o(.data)
    voice_state_old                          0x20001d19   Data           1  main.o(.data)
    voice_state_reg                          0x20001d1a   Data           1  main.o(.data)
    game_mode                                0x20001d1b   Data           1  main.o(.data)
    hit                                      0x20001d1c   Data           1  main.o(.data)
    is_plane_hit                             0x20001d1d   Data           1  main.o(.data)
    key_value                                0x20001d1e   Data           1  main.o(.data)
    volume                                   0x20001d1f   Data           1  main.o(.data)
    show_num                                 0x20001d20   Data           1  main.o(.data)
    show_blink                               0x20001d24   Data           4  main.o(.data)
    i                                        0x20001d28   Data           4  main.o(.data)
    j                                        0x20001d2c   Data           4  main.o(.data)
    point_x                                  0x20001d30   Data           4  main.o(.data)
    point_y                                  0x20001d34   Data           4  main.o(.data)
    bullet_char                              0x20001d38   Data           8  main.o(.data)
    show_char                                0x20001d40   Data           9  main.o(.data)
    over_char                                0x20001d49   Data           9  main.o(.data)
    score_char                               0x20001d52   Data          10  main.o(.data)
    score_over_char                          0x20001d5c   Data          15  main.o(.data)
    start_char                               0x20001d6b   Data          18  main.o(.data)
    nLD_Mode                                 0x20001d7e   Data           1  ld3320.o(.data)
    ucRegVal                                 0x20001d7f   Data           1  ld3320.o(.data)
    gesture_arry                             0x20001d80   Data          60  pajiic.o(.data)
    POINT_COLOR                              0x20001dbc   Data           2  lcd.o(.data)
    BACK_COLOR                               0x20001dbe   Data           2  lcd.o(.data)
    is_hit                                   0x20001dc4   Data           1  game.o(.data)
    bullet_num_show                          0x20001dc5   Data           1  game.o(.data)
    score                                    0x20001dc6   Data           1  game.o(.data)
    hit_x                                    0x20001dc8   Data           2  game.o(.data)
    hit_y                                    0x20001dca   Data           2  game.o(.data)
    image_width                              0x20001dcc   Data           4  game.o(.data)
    image_height                             0x20001dd0   Data           4  game.o(.data)
    pos_x                                    0x20001dd4   Data           4  game.o(.data)
    pos_y                                    0x20001dd8   Data           4  game.o(.data)
    num_enemies                              0x20001ddc   Data           4  game.o(.data)
    seed                                     0x20001de0   Data           4  game.o(.data)
    polynomial                               0x20001de4   Data           4  game.o(.data)
    pos_x_old                                0x20001de8   Data           4  game.o(.data)
    bullet_num                               0x20001dec   Data           1  game.o(.data)
    Send_buf                                 0x20001df4   Data           9  code_def.o(.bss)
    adc_value                                0x20001e10   Data          16  main.o(.bss)
    submit_char                              0x20001e20   Data          50  main.o(.bss)
    test_string                              0x20001e52   Data          10  ld3320.o(.bss)
    lcddev                                   0x20001e5c   Data          14  lcd.o(.bss)
    positions                                0x20001e6a   Data          40  game.o(.bss)
    bullets                                  0x20001e92   Data          30  game.o(.bss)
    enemies                                  0x20001eb0   Data          24  game.o(.bss)
    __initial_sp                             0x200022d0   Data           0  startup_cmsdk_cm0.o(STACK)



==============================================================================

Memory Map of the image

  Image entry point : Not specified.

  Load Region LR_IROM1 (Base: 0x00000000, Size: 0x00004b80, Max: 0x00010000, ABSOLUTE, COMPRESSED[0x00003e90])

    Execution Region ER_IROM1 (Exec base: 0x00000000, Load base: 0x00000000, Size: 0x00002d8c, Max: 0x00010000, ABSOLUTE)

    Exec Addr    Load Addr    Size         Type   Attr      Idx    E Section Name        Object

    0x00000000   0x00000000   0x0000004c   Data   RO          397    RESET               startup_cmsdk_cm0.o
    0x0000004c   0x0000004c   0x00000000   Code   RO         1078  * .ARM.Collect$$$$00000000  mc_p.l(entry.o)
    0x0000004c   0x0000004c   0x00000004   Code   RO         1373    .ARM.Collect$$$$00000001  mc_p.l(entry2.o)
    0x00000050   0x00000050   0x00000004   Code   RO         1376    .ARM.Collect$$$$00000004  mc_p.l(entry5.o)
    0x00000054   0x00000054   0x00000000   Code   RO         1378    .ARM.Collect$$$$00000008  mc_p.l(entry7b.o)
    0x00000054   0x00000054   0x00000000   Code   RO         1380    .ARM.Collect$$$$0000000A  mc_p.l(entry8b.o)
    0x00000054   0x00000054   0x00000008   Code   RO         1381    .ARM.Collect$$$$0000000B  mc_p.l(entry9a.o)
    0x0000005c   0x0000005c   0x00000000   Code   RO         1383    .ARM.Collect$$$$0000000D  mc_p.l(entry10a.o)
    0x0000005c   0x0000005c   0x00000000   Code   RO         1385    .ARM.Collect$$$$0000000F  mc_p.l(entry11a.o)
    0x0000005c   0x0000005c   0x00000004   Code   RO         1374    .ARM.Collect$$$$00002712  mc_p.l(entry2.o)
    0x00000060   0x00000060   0x0000001c   Code   RO          398  * .text               startup_cmsdk_cm0.o
    0x0000007c   0x0000007c   0x0000002c   Code   RO         1081    .text               mc_p.l(uidiv.o)
    0x000000a8   0x000000a8   0x00000028   Code   RO         1083    .text               mc_p.l(idiv.o)
    0x000000d0   0x000000d0   0x00000024   Code   RO         1085    .text               mc_p.l(rand.o)
    0x000000f4   0x000000f4   0x00000024   Code   RO         1088    .text               mc_p.l(memcpya.o)
    0x00000118   0x00000118   0x0000000e   Code   RO         1090    .text               mc_p.l(strlen.o)
    0x00000126   0x00000126   0x00000002   PAD
    0x00000128   0x00000128   0x00000024   Code   RO         1406    .text               mc_p.l(init.o)
    0x0000014c   0x0000014c   0x00000056   Code   RO         1418    .text               mc_p.l(__dczerorl2.o)
    0x000001a2   0x000001a2   0x0000004e   Code   RO          455    i.ADC_value         mpuiic.o
    0x000001f0   0x000001f0   0x00000020   Code   RO            1    i.DoSum             code_def.o
    0x00000210   0x00000210   0x0000010c   Code   RO          603    i.Gesture_test      pajiic.o
    0x0000031c   0x0000031c   0x00000074   Code   RO            9    i.Key_Scan          code_def.o
    0x00000390   0x00000390   0x00000060   Code   RO          701    i.LCD_Clear         lcd.o
    0x000003f0   0x000003f0   0x00000058   Code   RO          706    i.LCD_Display_Dir   lcd.o
    0x00000448   0x00000448   0x00000044   Code   RO          708    i.LCD_DrawPicture   lcd.o
    0x0000048c   0x0000048c   0x0000001c   Code   RO          709    i.LCD_DrawPoint     lcd.o
    0x000004a8   0x000004a8   0x00000054   Code   RO          710    i.LCD_Fast_DrawPoint  lcd.o
    0x000004fc   0x000004fc   0x0000003c   Code   RO          711    i.LCD_Fill          lcd.o
    0x00000538   0x00000538   0x0000000c   Code   RO           10    i.LCD_INI_FINISH    code_def.o
    0x00000544   0x00000544   0x00000010   Code   RO          712    i.LCD_Init          lcd.o
    0x00000554   0x00000554   0x0000002c   Code   RO          717    i.LCD_SetCursor     lcd.o
    0x00000580   0x00000580   0x000000a8   Code   RO          719    i.LCD_ShowChar      lcd.o
    0x00000628   0x00000628   0x00000058   Code   RO          721    i.LCD_ShowString    lcd.o
    0x00000680   0x00000680   0x0000001c   Code   RO          723    i.LCD_WR_DATA       lcd.o
    0x0000069c   0x0000069c   0x0000001c   Code   RO          724    i.LCD_WR_REG        lcd.o
    0x000006b8   0x000006b8   0x0000009c   Code   RO          521    i.LD_AsrAddFixed    ld3320.o
    0x00000754   0x00000754   0x00000066   Code   RO          522    i.LD_AsrRun         ld3320.o
    0x000007ba   0x000007ba   0x00000026   Code   RO          523    i.LD_Check_ASRBusyFlag_b2  ld3320.o
    0x000007e0   0x000007e0   0x00000064   Code   RO          524    i.LD_Init_ASR       ld3320.o
    0x00000844   0x00000844   0x000000c8   Code   RO          525    i.LD_Init_Common    ld3320.o
    0x0000090c   0x0000090c   0x0000002c   Code   RO          526    i.LD_ReadReg        ld3320.o
    0x00000938   0x00000938   0x00000030   Code   RO          527    i.LD_WriteReg       ld3320.o
    0x00000968   0x00000968   0x00000024   Code   RO          528    i.LD_reset          ld3320.o
    0x0000098c   0x0000098c   0x000000e4   Code   RO          529    i.Ld3320_Fun        ld3320.o
    0x00000a70   0x00000a70   0x00000024   Code   RO          456    i.MPU_IIC_Ack       mpuiic.o
    0x00000a94   0x00000a94   0x00000024   Code   RO          458    i.MPU_IIC_NAck      mpuiic.o
    0x00000ab8   0x00000ab8   0x00000078   Code   RO          459    i.MPU_IIC_Read_Byte  mpuiic.o
    0x00000b30   0x00000b30   0x00000034   Code   RO          460    i.MPU_IIC_Send_Byte  mpuiic.o
    0x00000b64   0x00000b64   0x00000024   Code   RO          461    i.MPU_IIC_Start     mpuiic.o
    0x00000b88   0x00000b88   0x00000024   Code   RO          462    i.MPU_IIC_Stop      mpuiic.o
    0x00000bac   0x00000bac   0x0000003c   Code   RO          463    i.MPU_IIC_Wait_Ack  mpuiic.o
    0x00000be8   0x00000be8   0x00000040   Code   RO           11    i.MPU_Write_Byte    code_def.o
    0x00000c28   0x00000c28   0x0000006c   Code   RO          728    i.MakeData          lcd.o
    0x00000c94   0x00000c94   0x00000024   Code   RO          604    i.PAJ_IIC_Ack       pajiic.o
    0x00000cb8   0x00000cb8   0x00000024   Code   RO          606    i.PAJ_IIC_NAck      pajiic.o
    0x00000cdc   0x00000cdc   0x0000004c   Code   RO          607    i.PAJ_IIC_Read_Byte  pajiic.o
    0x00000d28   0x00000d28   0x00000034   Code   RO          608    i.PAJ_IIC_Send_Byte  pajiic.o
    0x00000d5c   0x00000d5c   0x00000024   Code   RO          609    i.PAJ_IIC_Start     pajiic.o
    0x00000d80   0x00000d80   0x00000024   Code   RO          610    i.PAJ_IIC_Stop      pajiic.o
    0x00000da4   0x00000da4   0x0000003c   Code   RO          611    i.PAJ_IIC_Wait_Ack  pajiic.o
    0x00000de0   0x00000de0   0x0000000c   Code   RO           14    i.PCF8591_Init      code_def.o
    0x00000dec   0x00000dec   0x0000009c   Code   RO          530    i.ProcessInt        ld3320.o
    0x00000e88   0x00000e88   0x0000000c   Code   RO           17    i.ReadUART1State    code_def.o
    0x00000e94   0x00000e94   0x0000000c   Code   RO           19    i.ReadUART2State    code_def.o
    0x00000ea0   0x00000ea0   0x0000000e   Code   RO           20    i.SPIHandle         code_def.o
    0x00000eae   0x00000eae   0x00000002   PAD
    0x00000eb0   0x00000eb0   0x00000038   Code   RO           22    i.SPI_ReadByte      code_def.o
    0x00000ee8   0x00000ee8   0x00000038   Code   RO           23    i.SPI_WriteByte     code_def.o
    0x00000f20   0x00000f20   0x0000002c   Code   RO           24    i.SendCmd           code_def.o
    0x00000f4c   0x00000f4c   0x0000001c   Code   RO           30    i.UART1String       code_def.o
    0x00000f68   0x00000f68   0x0000001c   Code   RO           31    i.UART2String       code_def.o
    0x00000f84   0x00000f84   0x00000018   Code   RO           32    i.UART_DATA         code_def.o
    0x00000f9c   0x00000f9c   0x0000002c   Code   RO           33    i.Uart_SendCmd      code_def.o
    0x00000fc8   0x00000fc8   0x00000018   Code   RO           34    i.WriteUART1        code_def.o
    0x00000fe0   0x00000fe0   0x00000018   Code   RO           35    i.WriteUART2        code_def.o
    0x00000ff8   0x00000ff8   0x00000028   Code   RO         1141    i.__0sprintf$1      mc_p.l(printf1.o)
    0x00001020   0x00001020   0x0000001a   Code   RO          373    i.__ARM_common_switch8  main.o
    0x0000103a   0x0000103a   0x0000000e   Code   RO         1412    i.__scatterload_copy  mc_p.l(handlers.o)
    0x00001048   0x00001048   0x00000002   Code   RO         1413    i.__scatterload_null  mc_p.l(handlers.o)
    0x0000104a   0x0000104a   0x0000000e   Code   RO         1414    i.__scatterload_zeroinit  mc_p.l(handlers.o)
    0x00001058   0x00001058   0x00000150   Code   RO         1146    i._printf_core      mc_p.l(printf1.o)
    0x000011a8   0x000011a8   0x0000000a   Code   RO         1148    i._sputc            mc_p.l(printf1.o)
    0x000011b2   0x000011b2   0x00000002   PAD
    0x000011b4   0x000011b4   0x00000118   Code   RO          276    i.begin_show        main.o
    0x000012cc   0x000012cc   0x00000030   Code   RO          464    i.channel_select    mpuiic.o
    0x000012fc   0x000012fc   0x000000c4   Code   RO          991    i.check_collision   game.o
    0x000013c0   0x000013c0   0x00000030   Code   RO          992    i.check_hit         game.o
    0x000013f0   0x000013f0   0x00000168   Code   RO          277    i.collision_check   main.o
    0x00001558   0x00001558   0x00000028   Code   RO           36    i.delay_ms          code_def.o
    0x00001580   0x00001580   0x00000024   Code   RO           37    i.delay_us          code_def.o
    0x000015a4   0x000015a4   0x0000005c   Code   RO          993    i.draw_enemy        game.o
    0x00001600   0x00001600   0x0000002a   Code   RO          278    i.esp8266_delay     main.o
    0x0000162a   0x0000162a   0x00000002   PAD
    0x0000162c   0x0000162c   0x000000d8   Code   RO          279    i.esp8266_init      main.o
    0x00001704   0x00001704   0x00000034   Code   RO          994    i.game_init         game.o
    0x00001738   0x00001738   0x000000e4   Code   RO          280    i.gamepad_mode      main.o
    0x0000181c   0x0000181c   0x0000014c   Code   RO          281    i.gaming_show       main.o
    0x00001968   0x00001968   0x000000a8   Code   RO          995    i.generate_random_position  game.o
    0x00001a10   0x00001a10   0x00000028   Code   RO          996    i.init_bullets      game.o
    0x00001a38   0x00001a38   0x00000030   Code   RO          997    i.init_enemies      game.o
    0x00001a68   0x00001a68   0x000000e0   Code   RO          282    i.intelligence_mode  main.o
    0x00001b48   0x00001b48   0x000000d0   Code   RO          283    i.key_mode          main.o
    0x00001c18   0x00001c18   0x0000003c   Code   RO          284    i.level_improve     main.o
    0x00001c54   0x00001c54   0x00000100   Code   RO          285    i.main              main.o
    0x00001d54   0x00001d54   0x000000e8   Code   RO          286    i.motion_mode       main.o
    0x00001e3c   0x00001e3c   0x00000108   Code   RO          999    i.move_enemies      game.o
    0x00001f44   0x00001f44   0x0000013c   Code   RO          287    i.over_show         main.o
    0x00002080   0x00002080   0x0000003c   Code   RO          612    i.paj_init          pajiic.o
    0x000020bc   0x000020bc   0x0000005e   Code   RO          614    i.paj_read_nbyte    pajiic.o
    0x0000211a   0x0000211a   0x00000052   Code   RO          615    i.paj_wakeup        pajiic.o
    0x0000216c   0x0000216c   0x0000003c   Code   RO          616    i.paj_write_byte    pajiic.o
    0x000021a8   0x000021a8   0x00000038   Code   RO          288    i.show_init         main.o
    0x000021e0   0x000021e0   0x00000174   Code   RO         1000    i.update_bullet_position  game.o
    0x00002354   0x00002354   0x00000064   Code   RO          289    i.volumn_change     main.o
    0x000023b8   0x000023b8   0x000002d0   Data   RO           42    .constdata          code_def.o
    0x00002688   0x00002688   0x0000008c   Data   RO          534    .constdata          ld3320.o
    0x00002714   0x00002714   0x00000066   Data   RO          618    .constdata          pajiic.o
    0x0000277a   0x0000277a   0x000005f0   Data   RO          732    .constdata          lcd.o
    0x00002d6a   0x00002d6a   0x00000002   PAD
    0x00002d6c   0x00002d6c   0x00000020   Data   RO         1410    Region$$Table       anon$$obj.o


    Execution Region RW_IRAM1 (Exec base: 0x20000000, Load base: 0x00002d8c, Size: 0x000022d0, Max: 0x00010000, ABSOLUTE, COMPRESSED[0x00001104])

    Exec Addr    Load Addr    Size         Type   Attr      Idx    E Section Name        Object

    0x20000000   COMPRESSED   0x0000001a   Data   RW           43    .data               code_def.o
    0x2000001a   COMPRESSED   0x00000578   Data   RW           46    .data               code_def.o
    0x20000592   COMPRESSED   0x00000578   Data   RW           47    .data               code_def.o
    0x20000b0a   COMPRESSED   0x00000578   Data   RW           48    .data               code_def.o
    0x20001082   COMPRESSED   0x00000578   Data   RW           49    .data               code_def.o
    0x200015fa   COMPRESSED   0x00000578   Data   RW           50    .data               code_def.o
    0x20001b72   COMPRESSED   0x000001a4   Data   RW           51    .data               code_def.o
    0x20001d16   COMPRESSED   0x00000001   Data   RW          296    .data               main.o
    0x20001d17   COMPRESSED   0x00000001   PAD
    0x20001d18   COMPRESSED   0x00000065   Data   RW          297    .data               main.o
    0x20001d7d   COMPRESSED   0x00000003   Data   RW          535    .data               ld3320.o
    0x20001d80   COMPRESSED   0x0000003c   Data   RW          619    .data               pajiic.o
    0x20001dbc   COMPRESSED   0x00000008   Data   RW          733    .data               lcd.o
    0x20001dc4   COMPRESSED   0x00000024   Data   RW         1012    .data               game.o
    0x20001de8   COMPRESSED   0x00000004   Data   RW         1014    .data               game.o
    0x20001dec   COMPRESSED   0x00000001   Data   RW         1016    .data               game.o
    0x20001ded   COMPRESSED   0x00000003   PAD
    0x20001df0   COMPRESSED   0x00000004   Data   RW         1086    .data               mc_p.l(rand.o)
    0x20001df4        -       0x0000001a   Zero   RW           40    .bss                code_def.o
    0x20001e0e   COMPRESSED   0x00000002   PAD
    0x20001e10        -       0x00000042   Zero   RW          290    .bss                main.o
    0x20001e52        -       0x0000000a   Zero   RW          532    .bss                ld3320.o
    0x20001e5c        -       0x0000000e   Zero   RW          731    .bss                lcd.o
    0x20001e6a        -       0x0000005e   Zero   RW         1003    .bss                game.o
    0x20001ec8   COMPRESSED   0x00000008   PAD
    0x20001ed0        -       0x00000400   Zero   RW          395    STACK               startup_cmsdk_cm0.o


==============================================================================

Image component sizes


      Code (inc. data)   RO Data    RW Data    ZI Data      Debug   Object Name

       678         66        720       7446         26      16802   code_def.o
      1280         86          0         41         94       7971   game.o
       904         70       1520          8         14      14251   lcd.o
      1108        100        140          3         10       6352   ld3320.o
      2936        550          0        102         66      11511   main.o
       502         46          0          0          0       5270   mpuiic.o
       896        138        102         60          0       7931   pajiic.o
        28          4         76          0       1024        448   startup_cmsdk_cm0.o

    ----------------------------------------------------------------------
      8336       1060       2592       7664       1244      70536   Object Totals
         0          0         32          0          0          0   (incl. Generated)
         4          0          2          4         10          0   (incl. Padding)

    ----------------------------------------------------------------------

      Code (inc. data)   RO Data    RW Data    ZI Data      Debug   Library Member Name

        86          0          0          0          0          0   __dczerorl2.o
         0          0          0          0          0          0   entry.o
         0          0          0          0          0          0   entry10a.o
         0          0          0          0          0          0   entry11a.o
         8          4          0          0          0          0   entry2.o
         4          0          0          0          0          0   entry5.o
         0          0          0          0          0          0   entry7b.o
         0          0          0          0          0          0   entry8b.o
         8          4          0          0          0          0   entry9a.o
        30          0          0          0          0          0   handlers.o
        40          0          0          0          0         72   idiv.o
        36          8          0          0          0         68   init.o
        36          0          0          0          0         60   memcpya.o
       386          8          0          0          0        228   printf1.o
        36         12          0          4          0        120   rand.o
        14          0          0          0          0         60   strlen.o
        44          0          0          0          0         72   uidiv.o

    ----------------------------------------------------------------------
       732         36          0          4          0        680   Library Totals
         4          0          0          0          0          0   (incl. Padding)

    ----------------------------------------------------------------------

      Code (inc. data)   RO Data    RW Data    ZI Data      Debug   Library Name

       728         36          0          4          0        680   mc_p.l

    ----------------------------------------------------------------------
       732         36          0          4          0        680   Library Totals

    ----------------------------------------------------------------------

==============================================================================


      Code (inc. data)   RO Data    RW Data    ZI Data      Debug   

      9068       1096       2592       7668       1244      67480   Grand Totals
      9068       1096       2592       4356       1244      67480   ELF Image Totals (compressed)
      9068       1096       2592       4356          0          0   ROM Totals

==============================================================================

    Total RO  Size (Code + RO Data)                11660 (  11.39kB)
    Total RW  Size (RW Data + ZI Data)              8912 (   8.70kB)
    Total ROM Size (Code + RO Data + RW Data)      16016 (  15.64kB)

==============================================================================

